  Tooba.BuildingBlocks -> D:\Users\User\source\repos\SarvNewVer\src\backend\BuildingBlocks\Tooba.BuildingBlocks\bin\Debug\net8.0\Tooba.BuildingBlocks.dll
  Tooba.Inventory.Domain -> D:\Users\User\source\repos\SarvNewVer\src\backend\Modules\Inventory\Tooba.Inventory.Domain\bin\Debug\net8.0\Tooba.Inventory.Domain.dll
  Tooba.OperatorProfile.Domain -> D:\Users\User\source\repos\SarvNewVer\src\backend\Modules\OperatorProfile\Tooba.OperatorProfile.Domain\bin\Debug\net8.0\Tooba.OperatorProfile.Domain.dll
  Tooba.OperatorProfile.Application -> D:\Users\User\source\repos\SarvNewVer\src\backend\Modules\OperatorProfile\Tooba.OperatorProfile.Application\bin\Debug\net8.0\Tooba.OperatorProfile.Application.dll
  Tooba.Promotion.Domain -> D:\Users\User\source\repos\SarvNewVer\src\backend\Modules\Promotion\Tooba.Promotion.Domain\bin\Debug\net8.0\Tooba.Promotion.Domain.dll
  Tooba.Promotion.Application -> D:\Users\User\source\repos\SarvNewVer\src\backend\Modules\Promotion\Tooba.Promotion.Application\bin\Debug\net8.0\Tooba.Promotion.Application.dll
  Tooba.Settlement.Domain -> D:\Users\User\source\repos\SarvNewVer\src\backend\Modules\Settlement\Tooba.Settlement.Domain\bin\Debug\net8.0\Tooba.Settlement.Domain.dll
  Tooba.Settlement.Application -> D:\Users\User\source\repos\SarvNewVer\src\backend\Modules\Settlement\Tooba.Settlement.Application\bin\Debug\net8.0\Tooba.Settlement.Application.dll
  Tooba.Story.Domain -> D:\Users\User\source\repos\SarvNewVer\src\backend\Modules\Story\Tooba.Story.Domain\bin\Debug\net8.0\Tooba.Story.Domain.dll
  Tooba.Story.Application -> D:\Users\User\source\repos\SarvNewVer\src\backend\Modules\Story\Tooba.Story.Application\bin\Debug\net8.0\Tooba.Story.Application.dll
  Tooba.Tax.Domain -> D:\Users\User\source\repos\SarvNewVer\src\backend\Modules\Tax\Tooba.Tax.Domain\bin\Debug\net8.0\Tooba.Tax.Domain.dll
  Tooba.Catalog.Domain -> D:\Users\User\source\repos\SarvNewVer\src\backend\Modules\Catalog\Tooba.Catalog.Domain\bin\Debug\net8.0\Tooba.Catalog.Domain.dll
  Tooba.Tax.Application -> D:\Users\User\source\repos\SarvNewVer\src\backend\Modules\Tax\Tooba.Tax.Application\bin\Debug\net8.0\Tooba.Tax.Application.dll
  Tooba.AccessControl.Domain -> D:\Users\User\source\repos\SarvNewVer\src\backend\Modules\AccessControl\Tooba.AccessControl.Domain\bin\Debug\net8.0\Tooba.AccessControl.Domain.dll
  Tooba.AddressBook.Domain -> D:\Users\User\source\repos\SarvNewVer\src\backend\Modules\AddressBook\Tooba.AddressBook.Domain\bin\Debug\net8.0\Tooba.AddressBook.Domain.dll
  Tooba.CustomerProfile.Domain -> D:\Users\User\source\repos\SarvNewVer\src\backend\Modules\CustomerProfile\Tooba.CustomerProfile.Domain\bin\Debug\net8.0\Tooba.CustomerProfile.Domain.dll
  Tooba.BulkInquiry.Domain -> D:\Users\User\source\repos\SarvNewVer\src\backend\Modules\BulkInquiry\Tooba.BulkInquiry.Domain\bin\Debug\net8.0\Tooba.BulkInquiry.Domain.dll
  Tooba.Persistence -> D:\Users\User\source\repos\SarvNewVer\src\backend\BuildingBlocks\Tooba.Persistence\bin\Debug\net8.0\Tooba.Persistence.dll
  Tooba.Fulfillment.Domain -> D:\Users\User\source\repos\SarvNewVer\src\backend\Modules\Fulfillment\Tooba.Fulfillment.Domain\bin\Debug\net8.0\Tooba.Fulfillment.Domain.dll
  Tooba.Notification.Domain -> D:\Users\User\source\repos\SarvNewVer\src\backend\Modules\Notification\Tooba.Notification.Domain\bin\Debug\net8.0\Tooba.Notification.Domain.dll
  Tooba.Identity.Domain -> D:\Users\User\source\repos\SarvNewVer\src\backend\Modules\Identity\Tooba.Identity.Domain\bin\Debug\net8.0\Tooba.Identity.Domain.dll
  Tooba.Offer.Domain -> D:\Users\User\source\repos\SarvNewVer\src\backend\Modules\Offer\Tooba.Offer.Domain\bin\Debug\net8.0\Tooba.Offer.Domain.dll
  Tooba.Party.Domain -> D:\Users\User\source\repos\SarvNewVer\src\backend\Modules\Party\Tooba.Party.Domain\bin\Debug\net8.0\Tooba.Party.Domain.dll
  Tooba.Returns.Domain -> D:\Users\User\source\repos\SarvNewVer\src\backend\Modules\Returns\Tooba.Returns.Domain\bin\Debug\net8.0\Tooba.Returns.Domain.dll
  Tooba.ProductQnA.Domain -> D:\Users\User\source\repos\SarvNewVer\src\backend\Modules\ProductQnA\Tooba.ProductQnA.Domain\bin\Debug\net8.0\Tooba.ProductQnA.Domain.dll
  Tooba.PageComposition.Domain -> D:\Users\User\source\repos\SarvNewVer\src\backend\Modules\PageComposition\Tooba.PageComposition.Domain\bin\Debug\net8.0\Tooba.PageComposition.Domain.dll
  Tooba.UserPreference.Domain -> D:\Users\User\source\repos\SarvNewVer\src\backend\Modules\UserPreference\Tooba.UserPreference.Domain\bin\Debug\net8.0\Tooba.UserPreference.Domain.dll
  Tooba.Wallet.Domain -> D:\Users\User\source\repos\SarvNewVer\src\backend\Modules\Wallet\Tooba.Wallet.Domain\bin\Debug\net8.0\Tooba.Wallet.Domain.dll
  Tooba.Catalog.Application -> D:\Users\User\source\repos\SarvNewVer\src\backend\Modules\Catalog\Tooba.Catalog.Application\bin\Debug\net8.0\Tooba.Catalog.Application.dll
  Tooba.Content.Domain -> D:\Users\User\source\repos\SarvNewVer\src\backend\Modules\Content\Tooba.Content.Domain\bin\Debug\net8.0\Tooba.Content.Domain.dll
  Tooba.Payment.Domain -> D:\Users\User\source\repos\SarvNewVer\src\backend\Modules\Payment\Tooba.Payment.Domain\bin\Debug\net8.0\Tooba.Payment.Domain.dll
  Tooba.AddressBook.Application -> D:\Users\User\source\repos\SarvNewVer\src\backend\Modules\AddressBook\Tooba.AddressBook.Application\bin\Debug\net8.0\Tooba.AddressBook.Application.dll
  Tooba.Notification.Application -> D:\Users\User\source\repos\SarvNewVer\src\backend\Modules\Notification\Tooba.Notification.Application\bin\Debug\net8.0\Tooba.Notification.Application.dll
  Tooba.Offer.Application -> D:\Users\User\source\repos\SarvNewVer\src\backend\Modules\Offer\Tooba.Offer.Application\bin\Debug\net8.0\Tooba.Offer.Application.dll
  Tooba.AccessControl.Application -> D:\Users\User\source\repos\SarvNewVer\src\backend\Modules\AccessControl\Tooba.AccessControl.Application\bin\Debug\net8.0\Tooba.AccessControl.Application.dll
  Tooba.Order.Domain -> D:\Users\User\source\repos\SarvNewVer\src\backend\Modules\Order\Tooba.Order.Domain\bin\Debug\net8.0\Tooba.Order.Domain.dll
  Tooba.Cart.Domain -> D:\Users\User\source\repos\SarvNewVer\src\backend\Modules\Cart\Tooba.Cart.Domain\bin\Debug\net8.0\Tooba.Cart.Domain.dll
  Tooba.ModuleContracts -> D:\Users\User\source\repos\SarvNewVer\src\backend\Modules\Tooba.ModuleContracts\bin\Debug\net8.0\Tooba.ModuleContracts.dll
  Tooba.Wishlist.Domain -> D:\Users\User\source\repos\SarvNewVer\src\backend\Modules\Wishlist\Tooba.Wishlist.Domain\bin\Debug\net8.0\Tooba.Wishlist.Domain.dll
  Tooba.Party.Application -> D:\Users\User\source\repos\SarvNewVer\src\backend\Modules\Party\Tooba.Party.Application\bin\Debug\net8.0\Tooba.Party.Application.dll
  Tooba.Wallet.Application -> D:\Users\User\source\repos\SarvNewVer\src\backend\Modules\Wallet\Tooba.Wallet.Application\bin\Debug\net8.0\Tooba.Wallet.Application.dll
  Tooba.CustomerProfile.Application -> D:\Users\User\source\repos\SarvNewVer\src\backend\Modules\CustomerProfile\Tooba.CustomerProfile.Application\bin\Debug\net8.0\Tooba.CustomerProfile.Application.dll
  Tooba.Payment.Application -> D:\Users\User\source\repos\SarvNewVer\src\backend\Modules\Payment\Tooba.Payment.Application\bin\Debug\net8.0\Tooba.Payment.Application.dll
  Tooba.Fulfillment.Application -> D:\Users\User\source\repos\SarvNewVer\src\backend\Modules\Fulfillment\Tooba.Fulfillment.Application\bin\Debug\net8.0\Tooba.Fulfillment.Application.dll
  Tooba.Identity.Application -> D:\Users\User\source\repos\SarvNewVer\src\backend\Modules\Identity\Tooba.Identity.Application\bin\Debug\net8.0\Tooba.Identity.Application.dll
  Tooba.Returns.Application -> D:\Users\User\source\repos\SarvNewVer\src\backend\Modules\Returns\Tooba.Returns.Application\bin\Debug\net8.0\Tooba.Returns.Application.dll
  Tooba.Content.Application -> D:\Users\User\source\repos\SarvNewVer\src\backend\Modules\Content\Tooba.Content.Application\bin\Debug\net8.0\Tooba.Content.Application.dll
  Tooba.PageComposition.Application -> D:\Users\User\source\repos\SarvNewVer\src\backend\Modules\PageComposition\Tooba.PageComposition.Application\bin\Debug\net8.0\Tooba.PageComposition.Application.dll
  Tooba.Party.Infrastructure -> D:\Users\User\source\repos\SarvNewVer\src\backend\Modules\Party\Tooba.Party.Infrastructure\bin\Debug\net8.0\Tooba.Party.Infrastructure.dll
  Tooba.BulkInquiry.Application -> D:\Users\User\source\repos\SarvNewVer\src\backend\Modules\BulkInquiry\Tooba.BulkInquiry.Application\bin\Debug\net8.0\Tooba.BulkInquiry.Application.dll
  Tooba.Wishlist.Application -> D:\Users\User\source\repos\SarvNewVer\src\backend\Modules\Wishlist\Tooba.Wishlist.Application\bin\Debug\net8.0\Tooba.Wishlist.Application.dll
  Tooba.Story.Infrastructure -> D:\Users\User\source\repos\SarvNewVer\src\backend\Modules\Story\Tooba.Story.Infrastructure\bin\Debug\net8.0\Tooba.Story.Infrastructure.dll
  Tooba.Tax.Infrastructure -> D:\Users\User\source\repos\SarvNewVer\src\backend\Modules\Tax\Tooba.Tax.Infrastructure\bin\Debug\net8.0\Tooba.Tax.Infrastructure.dll
  Tooba.PlatformProbe.Infrastructure -> D:\Users\User\source\repos\SarvNewVer\src\backend\Modules\PlatformProbe\Tooba.PlatformProbe.Infrastructure\bin\Debug\net8.0\Tooba.PlatformProbe.Infrastructure.dll
  Tooba.Payment.Infrastructure -> D:\Users\User\source\repos\SarvNewVer\src\backend\Modules\Payment\Tooba.Payment.Infrastructure\bin\Debug\net8.0\Tooba.Payment.Infrastructure.dll
  Tooba.PageComposition.Infrastructure -> D:\Users\User\source\repos\SarvNewVer\src\backend\Modules\PageComposition\Tooba.PageComposition.Infrastructure\bin\Debug\net8.0\Tooba.PageComposition.Infrastructure.dll
  Tooba.Promotion.Infrastructure -> D:\Users\User\source\repos\SarvNewVer\src\backend\Modules\Promotion\Tooba.Promotion.Infrastructure\bin\Debug\net8.0\Tooba.Promotion.Infrastructure.dll
  Tooba.OperatorProfile.Infrastructure -> D:\Users\User\source\repos\SarvNewVer\src\backend\Modules\OperatorProfile\Tooba.OperatorProfile.Infrastructure\bin\Debug\net8.0\Tooba.OperatorProfile.Infrastructure.dll
  Tooba.Pricing.Domain -> D:\Users\User\source\repos\SarvNewVer\src\backend\Modules\Pricing\Tooba.Pricing.Domain\bin\Debug\net8.0\Tooba.Pricing.Domain.dll
  Tooba.Offer.Infrastructure -> D:\Users\User\source\repos\SarvNewVer\src\backend\Modules\Offer\Tooba.Offer.Infrastructure\bin\Debug\net8.0\Tooba.Offer.Infrastructure.dll
  Tooba.Inventory.Application -> D:\Users\User\source\repos\SarvNewVer\src\backend\Modules\Inventory\Tooba.Inventory.Application\bin\Debug\net8.0\Tooba.Inventory.Application.dll
  Tooba.Pricing.Application -> D:\Users\User\source\repos\SarvNewVer\src\backend\Modules\Pricing\Tooba.Pricing.Application\bin\Debug\net8.0\Tooba.Pricing.Application.dll
  Tooba.Wishlist.Infrastructure -> D:\Users\User\source\repos\SarvNewVer\src\backend\Modules\Wishlist\Tooba.Wishlist.Infrastructure\bin\Debug\net8.0\Tooba.Wishlist.Infrastructure.dll
  Tooba.CustomerProfile.Infrastructure -> D:\Users\User\source\repos\SarvNewVer\src\backend\Modules\CustomerProfile\Tooba.CustomerProfile.Infrastructure\bin\Debug\net8.0\Tooba.CustomerProfile.Infrastructure.dll
  Tooba.Catalog.Infrastructure -> D:\Users\User\source\repos\SarvNewVer\src\backend\Modules\Catalog\Tooba.Catalog.Infrastructure\bin\Debug\net8.0\Tooba.Catalog.Infrastructure.dll
  Tooba.UserPreference.Application -> D:\Users\User\source\repos\SarvNewVer\src\backend\Modules\UserPreference\Tooba.UserPreference.Application\bin\Debug\net8.0\Tooba.UserPreference.Application.dll
  Tooba.Cart.Application -> D:\Users\User\source\repos\SarvNewVer\src\backend\Modules\Cart\Tooba.Cart.Application\bin\Debug\net8.0\Tooba.Cart.Application.dll
  Tooba.Wallet.Infrastructure -> D:\Users\User\source\repos\SarvNewVer\src\backend\Modules\Wallet\Tooba.Wallet.Infrastructure\bin\Debug\net8.0\Tooba.Wallet.Infrastructure.dll
  Tooba.AddressBook.Infrastructure -> D:\Users\User\source\repos\SarvNewVer\src\backend\Modules\AddressBook\Tooba.AddressBook.Infrastructure\bin\Debug\net8.0\Tooba.AddressBook.Infrastructure.dll
  Tooba.Pricing.Infrastructure -> D:\Users\User\source\repos\SarvNewVer\src\backend\Modules\Pricing\Tooba.Pricing.Infrastructure\bin\Debug\net8.0\Tooba.Pricing.Infrastructure.dll
  Tooba.Order.Application -> D:\Users\User\source\repos\SarvNewVer\src\backend\Modules\Order\Tooba.Order.Application\bin\Debug\net8.0\Tooba.Order.Application.dll
  Tooba.BulkInquiry.Infrastructure -> D:\Users\User\source\repos\SarvNewVer\src\backend\Modules\BulkInquiry\Tooba.BulkInquiry.Infrastructure\bin\Debug\net8.0\Tooba.BulkInquiry.Infrastructure.dll
  Tooba.Inventory.Infrastructure -> D:\Users\User\source\repos\SarvNewVer\src\backend\Modules\Inventory\Tooba.Inventory.Infrastructure\bin\Debug\net8.0\Tooba.Inventory.Infrastructure.dll
  Tooba.Identity.Infrastructure -> D:\Users\User\source\repos\SarvNewVer\src\backend\Modules\Identity\Tooba.Identity.Infrastructure\bin\Debug\net8.0\Tooba.Identity.Infrastructure.dll
  Tooba.UserPreference.Infrastructure -> D:\Users\User\source\repos\SarvNewVer\src\backend\Modules\UserPreference\Tooba.UserPreference.Infrastructure\bin\Debug\net8.0\Tooba.UserPreference.Infrastructure.dll
  Tooba.Content.Infrastructure -> D:\Users\User\source\repos\SarvNewVer\src\backend\Modules\Content\Tooba.Content.Infrastructure\bin\Debug\net8.0\Tooba.Content.Infrastructure.dll
  Tooba.AccessControl.Infrastructure -> D:\Users\User\source\repos\SarvNewVer\src\backend\Modules\AccessControl\Tooba.AccessControl.Infrastructure\bin\Debug\net8.0\Tooba.AccessControl.Infrastructure.dll
  Tooba.ProductQnA.Application -> D:\Users\User\source\repos\SarvNewVer\src\backend\Modules\ProductQnA\Tooba.ProductQnA.Application\bin\Debug\net8.0\Tooba.ProductQnA.Application.dll
  Tooba.Order.Infrastructure -> D:\Users\User\source\repos\SarvNewVer\src\backend\Modules\Order\Tooba.Order.Infrastructure\bin\Debug\net8.0\Tooba.Order.Infrastructure.dll
  Tooba.Fulfillment.Infrastructure -> D:\Users\User\source\repos\SarvNewVer\src\backend\Modules\Fulfillment\Tooba.Fulfillment.Infrastructure\bin\Debug\net8.0\Tooba.Fulfillment.Infrastructure.dll
  Tooba.Cart.Infrastructure -> D:\Users\User\source\repos\SarvNewVer\src\backend\Modules\Cart\Tooba.Cart.Infrastructure\bin\Debug\net8.0\Tooba.Cart.Infrastructure.dll
  Tooba.Returns.Infrastructure -> D:\Users\User\source\repos\SarvNewVer\src\backend\Modules\Returns\Tooba.Returns.Infrastructure\bin\Debug\net8.0\Tooba.Returns.Infrastructure.dll
  Tooba.ProductQnA.Infrastructure -> D:\Users\User\source\repos\SarvNewVer\src\backend\Modules\ProductQnA\Tooba.ProductQnA.Infrastructure\bin\Debug\net8.0\Tooba.ProductQnA.Infrastructure.dll
  Tooba.Notification.Infrastructure -> D:\Users\User\source\repos\SarvNewVer\src\backend\Modules\Notification\Tooba.Notification.Infrastructure\bin\Debug\net8.0\Tooba.Notification.Infrastructure.dll
  Tooba.Settlement.Infrastructure -> D:\Users\User\source\repos\SarvNewVer\src\backend\Modules\Settlement\Tooba.Settlement.Infrastructure\bin\Debug\net8.0\Tooba.Settlement.Infrastructure.dll
  Tooba.Support.Domain -> D:\Users\User\source\repos\SarvNewVer\src\backend\Modules\Support\Tooba.Support.Domain\bin\Debug\net8.0\Tooba.Support.Domain.dll
  Tooba.Reviews.Domain -> D:\Users\User\source\repos\SarvNewVer\src\backend\Modules\Reviews\Tooba.Reviews.Domain\bin\Debug\net8.0\Tooba.Reviews.Domain.dll
  Tooba.Support.Application -> D:\Users\User\source\repos\SarvNewVer\src\backend\Modules\Support\Tooba.Support.Application\bin\Debug\net8.0\Tooba.Support.Application.dll
  Tooba.Reviews.Application -> D:\Users\User\source\repos\SarvNewVer\src\backend\Modules\Reviews\Tooba.Reviews.Application\bin\Debug\net8.0\Tooba.Reviews.Application.dll
  Tooba.Support.Infrastructure -> D:\Users\User\source\repos\SarvNewVer\src\backend\Modules\Support\Tooba.Support.Infrastructure\bin\Debug\net8.0\Tooba.Support.Infrastructure.dll
  Tooba.Reviews.Infrastructure -> D:\Users\User\source\repos\SarvNewVer\src\backend\Modules\Reviews\Tooba.Reviews.Infrastructure\bin\Debug\net8.0\Tooba.Reviews.Infrastructure.dll
  Tooba.Host -> D:\Users\User\source\repos\SarvNewVer\src\backend\Host\Tooba.Host\bin\Debug\net8.0\Tooba.Host.dll
  Tooba.MigrationRunner -> D:\Users\User\source\repos\SarvNewVer\src\backend\Host\Tooba.MigrationRunner\bin\Debug\net8.0\Tooba.MigrationRunner.dll
  Tooba.Host.Tests -> D:\Users\User\source\repos\SarvNewVer\src\backend\Host\Tooba.Host.Tests\bin\Debug\net8.0\Tooba.Host.Tests.dll
  Tooba.MigrationRunner.Tests -> D:\Users\User\source\repos\SarvNewVer\src\backend\Host\Tooba.MigrationRunner.Tests\bin\Debug\net8.0\Tooba.MigrationRunner.Tests.dll

Build succeeded.
    0 Warning(s)
    0 Error(s)

Time Elapsed 00:00:05.58
