
> tooba-web@0.0.1 test:critical-storefront
> npm run test:home && npm run test:pdp-guard && npm run test:listing-guard && npm run test:category-plp-guard && npm run test:surface-coverage


> tooba-web@0.0.1 test:home
> node --experimental-strip-types --test app/storefront/storefront-home.test.ts app/storefront/home-structure.guard.test.ts

(node:35560) [MODULE_TYPELESS_PACKAGE_JSON] Warning: Module type of file:///D:/Users/User/source/repos/SarvNewVer/src/frontend/app/storefront/home-structure.guard.test.ts is not specified and it doesn't parse as CommonJS.
Reparsing as ES module because module syntax was detected. This incurs a performance overhead.
To eliminate this warning, add "type": "module" to D:\Users\User\source\repos\SarvNewVer\src\frontend\package.json.
(Use `node --trace-warnings ...` to show where the warning was created)
✔ home guard keeps Shopeiva section markers (0.7383ms)
✔ home guard preserves canonical default section order (0.6454ms)
✔ home guard rejects giant catalog dump on Home rail (0.2027ms)
✔ home guard keeps composition renderer switch cases (0.1168ms)
✔ home stories use live Host binding without fake STORY_IMAGES (0.1193ms)
(node:33332) [MODULE_TYPELESS_PACKAGE_JSON] Warning: Module type of file:///D:/Users/User/source/repos/SarvNewVer/src/frontend/app/storefront/storefront-home.test.ts is not specified and it doesn't parse as CommonJS.
Reparsing as ES module because module syntax was detected. This incurs a performance overhead.
To eliminate this warning, add "type": "module" to D:\Users\User\source\repos\SarvNewVer\src\frontend\package.json.
(Use `node --trace-warnings ...` to show where the warning was created)
✔ home mapper prefers homeCategories rail and does not require dumping all categories (1.0321ms)
ℹ tests 6
ℹ suites 0
ℹ pass 6
ℹ fail 0
ℹ cancelled 0
ℹ skipped 0
ℹ todo 0
ℹ duration_ms 133.7815

> tooba-web@0.0.1 test:pdp-guard
> node --experimental-strip-types --test app/storefront/pdp-structure.guard.test.ts

(node:14872) [MODULE_TYPELESS_PACKAGE_JSON] Warning: Module type of file:///D:/Users/User/source/repos/SarvNewVer/src/frontend/app/storefront/pdp-structure.guard.test.ts is not specified and it doesn't parse as CommonJS.
Reparsing as ES module because module syntax was detected. This incurs a performance overhead.
To eliminate this warning, add "type": "module" to D:\Users\User\source\repos\SarvNewVer\src\frontend\package.json.
(Use `node --trace-warnings ...` to show where the warning was created)
✔ pdp guard keeps sticky structurally distinct tabs (0.5914ms)
✔ pdp guard keeps distinct tab bodies (no generic flatten) (0.1236ms)
✔ pdp guard keeps other sellers and related product seams (0.0901ms)
✔ pdp add-to-cart stays on the product page like Home (0.073ms)
✔ pdp guard forbids Product.Price / Product.Stock authority markers (0.0983ms)
✔ pdp first paint does not hide SSR failure with client retry (0.5343ms)
ℹ tests 6
ℹ suites 0
ℹ pass 6
ℹ fail 0
ℹ cancelled 0
ℹ skipped 0
ℹ todo 0
ℹ duration_ms 83.9816

> tooba-web@0.0.1 test:listing-guard
> node --experimental-strip-types --test app/storefront/listing-structure.guard.test.ts app/storefront/storefront-product-card-dark.guard.test.ts

(node:14700) [MODULE_TYPELESS_PACKAGE_JSON] Warning: Module type of file:///D:/Users/User/source/repos/SarvNewVer/src/frontend/app/storefront/listing-structure.guard.test.ts is not specified and it doesn't parse as CommonJS.
Reparsing as ES module because module syntax was detected. This incurs a performance overhead.
To eliminate this warning, add "type": "module" to D:\Users\User\source\repos\SarvNewVer\src\frontend\package.json.
(Use `node --trace-warnings ...` to show where the warning was created)
✔ listing guard keeps Shopeiva PLP structure markers (0.4942ms)
✔ listing guard keeps truthful sort options only (0.1519ms)
✔ listing product grid keeps Shopeiva density classes (0.0682ms)
✔ product card keeps offer-based pricing and real rating gate (0.0808ms)
(node:13380) [MODULE_TYPELESS_PACKAGE_JSON] Warning: Module type of file:///D:/Users/User/source/repos/SarvNewVer/src/frontend/app/storefront/storefront-product-card-dark.guard.test.ts is not specified and it doesn't parse as CommonJS.
Reparsing as ES module because module syntax was detected. This incurs a performance overhead.
To eliminate this warning, add "type": "module" to D:\Users\User\source\repos\SarvNewVer\src\frontend\package.json.
(Use `node --trace-warnings ...` to show where the warning was created)
✔ one StorefrontProductCardView uses semantic dark chrome (0.6801ms)
✔ canonical dark remaps cover leftover light utilities (0.1064ms)
ℹ tests 6
ℹ suites 0
ℹ pass 6
ℹ fail 0
ℹ cancelled 0
ℹ skipped 0
ℹ todo 0
ℹ duration_ms 91.2823

> tooba-web@0.0.1 test:category-plp-guard
> node --experimental-strip-types --test app/storefront/category-plp.guard.test.ts

(node:21972) [MODULE_TYPELESS_PACKAGE_JSON] Warning: Module type of file:///D:/Users/User/source/repos/SarvNewVer/src/frontend/app/storefront/category-plp.guard.test.ts is not specified and it doesn't parse as CommonJS.
Reparsing as ES module because module syntax was detected. This incurs a performance overhead.
To eliminate this warning, add "type": "module" to D:\Users\User\source\repos\SarvNewVer\src\frontend\package.json.
(Use `node --trace-warnings ...` to show where the warning was created)
✔ category PLP route and public prefix are wired (0.9706ms)
ℹ tests 1
ℹ suites 0
ℹ pass 1
ℹ fail 0
ℹ cancelled 0
ℹ skipped 0
ℹ todo 0
ℹ duration_ms 87.4157

> tooba-web@0.0.1 test:surface-coverage
> node --experimental-strip-types --test lib/storefront-appearance/surface-role.test.ts lib/storefront-appearance/route-inventory.guard.test.ts lib/storefront-appearance/semantic-wrapper.guard.test.ts lib/storefront-appearance/derived-surface.test.ts lib/storefront-appearance/component-compliance.guard.test.ts lib/storefront-appearance/section-context.guard.test.ts app/customer-panel/customer-panel-theme.guard.test.ts app/customer-panel/customer-composition.guard.test.ts app/storefront/pdp-component-surface.guard.test.ts

(node:30896) [MODULE_TYPELESS_PACKAGE_JSON] Warning: Module type of file:///D:/Users/User/source/repos/SarvNewVer/src/frontend/app/customer-panel/customer-composition.guard.test.ts is not specified and it doesn't parse as CommonJS.
Reparsing as ES module because module syntax was detected. This incurs a performance overhead.
To eliminate this warning, add "type": "module" to D:\Users\User\source\repos\SarvNewVer\src\frontend\package.json.
(Use `node --trace-warnings ...` to show where the warning was created)
✔ customer panel composition uses section context and inherit wrappers (0.9323ms)
(node:17252) [MODULE_TYPELESS_PACKAGE_JSON] Warning: Module type of file:///D:/Users/User/source/repos/SarvNewVer/src/frontend/app/customer-panel/customer-panel-theme.guard.test.ts is not specified and it doesn't parse as CommonJS.
Reparsing as ES module because module syntax was detected. This incurs a performance overhead.
To eliminate this warning, add "type": "module" to D:\Users\User\source\repos\SarvNewVer\src\frontend\package.json.
(Use `node --trace-warnings ...` to show where the warning was created)
✔ customer panel inherits store appearance through shared shell tokens (0.6023ms)
✔ root layout remains the storefront appearance loader; panels consume via canvas scope (0.1592ms)
(node:35548) [MODULE_TYPELESS_PACKAGE_JSON] Warning: Module type of file:///D:/Users/User/source/repos/SarvNewVer/src/frontend/app/storefront/pdp-component-surface.guard.test.ts is not specified and it doesn't parse as CommonJS.
Reparsing as ES module because module syntax was detected. This incurs a performance overhead.
To eliminate this warning, add "type": "module" to D:\Users\User\source\repos\SarvNewVer\src\frontend\package.json.
(Use `node --trace-warnings ...` to show where the warning was created)
✔ PDP major regions use section context and inherit-by-default (0.7818ms)
(node:21020) [MODULE_TYPELESS_PACKAGE_JSON] Warning: Module type of file:///D:/Users/User/source/repos/SarvNewVer/src/frontend/lib/storefront-appearance/component-compliance.guard.test.ts is not specified and it doesn't parse as CommonJS.
Reparsing as ES module because module syntax was detected. This incurs a performance overhead.
To eliminate this warning, add "type": "module" to D:\Users\User\source\repos\SarvNewVer\src\frontend\package.json.
(Use `node --trace-warnings ...` to show where the warning was created)
✔ customer-facing components do not introduce structural raw colors (24.1786ms)
✔ component surfaces are centrally derived not Store settings (1.2275ms)
(node:34288) [MODULE_TYPELESS_PACKAGE_JSON] Warning: Module type of file:///D:/Users/User/source/repos/SarvNewVer/src/frontend/lib/storefront-appearance/derived-surface.test.ts is not specified and it doesn't parse as CommonJS.
Reparsing as ES module because module syntax was detected. This incurs a performance overhead.
To eliminate this warning, add "type": "module" to D:\Users\User\source\repos\SarvNewVer\src\frontend\package.json.
(Use `node --trace-warnings ...` to show where the warning was created)
✔ Neutral light keeps accepted white cards and gray media (0.9214ms)
✔ PaletteTint derived cards are not pure white and stay off primary (1.4218ms)
✔ mixRgb interpolates channels (0.1754ms)
✔ local surfaces derive from section context and stay off paper-white under PaletteTint (1.2608ms)
(node:6824) [MODULE_TYPELESS_PACKAGE_JSON] Warning: Module type of file:///D:/Users/User/source/repos/SarvNewVer/src/frontend/lib/storefront-appearance/route-inventory.guard.test.ts is not specified and it doesn't parse as CommonJS.
Reparsing as ES module because module syntax was detected. This incurs a performance overhead.
To eliminate this warning, add "type": "module" to D:\Users\User\source\repos\SarvNewVer\src\frontend\package.json.
(Use `node --trace-warnings ...` to show where the warning was created)
✔ route inventory covers public storefront prefixes and customer nav (1.1222ms)
✔ customer panel live nav matches inventory and shell (0.3509ms)
✔ inventory crawler source exists as a reusable script (0.1787ms)
(node:15556) [MODULE_TYPELESS_PACKAGE_JSON] Warning: Module type of file:///D:/Users/User/source/repos/SarvNewVer/src/frontend/lib/storefront-appearance/section-context.guard.test.ts is not specified and it doesn't parse as CommonJS.
Reparsing as ES module because module syntax was detected. This incurs a performance overhead.
To eliminate this warning, add "type": "module" to D:\Users\User\source\repos\SarvNewVer\src\frontend\package.json.
(Use `node --trace-warnings ...` to show where the warning was created)
✔ inherit-by-default: structural PDP/Cart wrappers are not giant cards (1.4541ms)
✔ card-area/giant-cardification static gate (0.5993ms)
(node:25968) [MODULE_TYPELESS_PACKAGE_JSON] Warning: Module type of file:///D:/Users/User/source/repos/SarvNewVer/src/frontend/lib/storefront-appearance/semantic-wrapper.guard.test.ts is not specified and it doesn't parse as CommonJS.
Reparsing as ES module because module syntax was detected. This incurs a performance overhead.
To eliminate this warning, add "type": "module" to D:\Users\User\source\repos\SarvNewVer\src\frontend\package.json.
(Use `node --trace-warnings ...` to show where the warning was created)
✔ major storefront wrappers use semantic surface roles instead of page-level bg-white (2.8019ms)
✔ storefront wrappers do not fetch appearance per page (0.7339ms)
(node:17032) [MODULE_TYPELESS_PACKAGE_JSON] Warning: Module type of file:///D:/Users/User/source/repos/SarvNewVer/src/frontend/lib/storefront-appearance/surface-role.test.ts is not specified and it doesn't parse as CommonJS.
Reparsing as ES module because module syntax was detected. This incurs a performance overhead.
To eliminate this warning, add "type": "module" to D:\Users\User\source\repos\SarvNewVer\src\frontend\package.json.
(Use `node --trace-warnings ...` to show where the warning was created)
✔ landing SectionTypes map to four global roles not page-local tokens (1.1939ms)
✔ PaletteTint four roles are distinct and not primary or status (0.2776ms)
✔ shared pages map to global surface roles without local appearance fetch (0.8353ms)
ℹ tests 20
ℹ suites 0
ℹ pass 20
ℹ fail 0
ℹ cancelled 0
ℹ skipped 0
ℹ todo 0
ℹ duration_ms 181.3076
