(node:26492) [MODULE_TYPELESS_PACKAGE_JSON] Warning: Module type of file:///D:/Users/User/source/repos/SarvNewVer/src/frontend/app/admin/landing-pages/admin-hero-slider-r13r1.guard.test.ts is not specified and it doesn't parse as CommonJS.
Reparsing as ES module because module syntax was detected. This incurs a performance overhead.
To eliminate this warning, add "type": "module" to D:\Users\User\source\repos\SarvNewVer\src\frontend\package.json.
(Use `node --trace-warnings ...` to show where the warning was created)
✔ Hero picker exposes exactly six canonical variants (1.0584ms)
✔ single HeroSlider/Swiper engine — no second library (0.2586ms)
✔ height presets only — no raw pixel admin input (0.1696ms)
✔ image guidance differs by variant and height (10.0411ms)
✔ slide SEO fake fields removed; visible title/description used (0.1961ms)
✔ structured CTA destination model (0.1238ms)
✔ validation summary + live contract (0.4663ms)
✔ legacy slide seo* and href remain adaptable (0.0809ms)
✔ LOCK-SF-367…374 present (0.3047ms)
ℹ tests 9
ℹ suites 0
ℹ pass 9
ℹ fail 0
ℹ cancelled 0
ℹ skipped 0
ℹ todo 0
ℹ duration_ms 117.2937
