
> tooba-web@0.0.1 lint
> next lint

node.exe : `next lint` is deprecated and will be removed in Next.js 16.
At line:1 char:1
+ & "D:\Program Files\nodejs/node.exe" "D:\Program Files\nodejs/node_mo ...
+ ~~~~~~~~~~~~~~~~~~~~~~~~~~~~~~~~~~~~~~~~~~~~~~~~~~~~~~~~~~~~~~~~~~~~~
    + CategoryInfo          : NotSpecified: (`next lint` is ... in Next.js 16.:String) [], RemoteException
    + FullyQualifiedErrorId : NativeCommandError
 
For new projects, use create-next-app to choose your preferred linter.
For existing projects, migrate to the ESLint CLI:
npx @next/codemod@canary next-lint-to-eslint-cli .

The prop value with an expression type of TSNonNullExpression could not be resolved. Please file an issue ( 
https://github.com/jsx-eslint/jsx-ast-utils/issues/new ) to get this fixed immediately.
The prop value with an expression type of TSNonNullExpression could not be resolved. Please file an issue ( 
https://github.com/jsx-eslint/jsx-ast-utils/issues/new ) to get this fixed immediately.
The prop value with an expression type of TSNonNullExpression could not be resolved. Please file an issue ( 
https://github.com/jsx-eslint/jsx-ast-utils/issues/new ) to get this fixed immediately.

./app/admin/catalog-facet-api.ts
86:10  Warning: 'text' is defined but never used.  @typescript-eslint/no-unused-vars

./app/admin/catalog-mega-menu-api.ts
65:10  Warning: 'text' is defined but never used.  @typescript-eslint/no-unused-vars

./app/v1/[...path]/route.ts
13:7  Warning: 'HOP_BY_HOP' is assigned a value but never used.  @typescript-eslint/no-unused-vars

info  - Need to disable some ESLint rules? Learn more here: https://nextjs.org/docs/app/api-reference/config/eslint#disabling-rules
