
> tooba-web@0.0.1 test:product-workspace
> node --experimental-strip-types --test app/admin/workspace-model.test.ts app/admin/host-client.test.ts app/admin/product-catalog-admin.test.ts app/admin/product-category-level.test.ts app/admin/product-attributes-panel.test.ts app/admin/product-variants-panel.test.ts app/admin/product-media-panel.test.ts app/admin/product-seo-panel.test.ts app/admin/product-publishing-panel.test.ts app/admin/product-history-panel.test.ts app/admin/product-workspace-polish.test.ts app/admin/product-workspace-dirty.test.ts

(node:35604) [MODULE_TYPELESS_PACKAGE_JSON] Warning: Module type of file:///D:/Users/User/source/repos/SarvNewVer/src/frontend/app/admin/host-client.test.ts is not specified and it doesn't parse as CommonJS.
Reparsing as ES module because module syntax was detected. This incurs a performance overhead.
To eliminate this warning, add "type": "module" to D:\Users\User\source\repos\SarvNewVer\src\frontend\package.json.
(Use `node --trace-warnings ...` to show where the warning was created)
✔ list mapper keeps offer counts off the Product price field (0.526ms)
✔ workspace mapper keeps prices on offers not product (0.534ms)
(node:5300) [MODULE_TYPELESS_PACKAGE_JSON] Warning: Module type of file:///D:/Users/User/source/repos/SarvNewVer/src/frontend/app/admin/product-attributes-panel.test.ts is not specified and it doesn't parse as CommonJS.
Reparsing as ES module because module syntax was detected. This incurs a performance overhead.
To eliminate this warning, add "type": "module" to D:\Users\User\source\repos\SarvNewVer\src\frontend\package.json.
(Use `node --trace-warnings ...` to show where the warning was created)
✔ validateAttributeDrafts blocks missing required text/enum (1.0579ms)
✔ draftToValueInput builds enum and clear payloads without raw IDs in UI contract (0.3514ms)
✔ isAttributeDraftDirty detects enum and number changes (0.212ms)
✔ panel source has VIEW/EDIT typed controls and no Product-local attribute creation (1.1293ms)
(node:22784) [MODULE_TYPELESS_PACKAGE_JSON] Warning: Module type of file:///D:/Users/User/source/repos/SarvNewVer/src/frontend/app/admin/product-catalog-admin.test.ts is not specified and it doesn't parse as CommonJS.
Reparsing as ES module because module syntax was detected. This incurs a performance overhead.
To eliminate this warning, add "type": "module" to D:\Users\User\source\repos\SarvNewVer\src\frontend\package.json.
(Use `node --trace-warnings ...` to show where the warning was created)
✔ product list keeps AppDataGrid and rejects raw AgGridReact (1.9277ms)
✔ create CTA is draft-only with category picker (0.3607ms)
✔ row actions use view/edit scopes and safe archive label (0.2815ms)
✔ variant terminology uses تنوع not گونه in product list (0.2659ms)
✔ product category picker is hierarchical level-3-only with human paths (0.2985ms)
✔ create flow blocks invalid category via level error mapping (0.2197ms)
✔ workspace warns on non-L3 category and preserves VIEW/EDIT (0.3024ms)
✔ workspace tabs and form mode foundation (0.4317ms)
✔ attributes tab requires categoryId and wires schema-driven panel (0.3301ms)
✔ workspace page passes view and edit scope (0.2851ms)
✔ host-client maps core/category helpers and new workspace fields (0.3963ms)
(node:23136) [MODULE_TYPELESS_PACKAGE_JSON] Warning: Module type of file:///D:/Users/User/source/repos/SarvNewVer/src/frontend/app/admin/product-category-level.test.ts is not specified and it doesn't parse as CommonJS.
Reparsing as ES module because module syntax was detected. This incurs a performance overhead.
To eliminate this warning, add "type": "module" to D:\Users\User\source\repos\SarvNewVer\src\frontend\package.json.
(Use `node --trace-warnings ...` to show where the warning was created)
✔ category level is one plus ancestor count (0.6704ms)
✔ only level 3 is assignable (0.231ms)
✔ listCategoryChildren returns sorted siblings (0.6602ms)
(node:11668) [MODULE_TYPELESS_PACKAGE_JSON] Warning: Module type of file:///D:/Users/User/source/repos/SarvNewVer/src/frontend/app/admin/product-history-panel.test.ts is not specified and it doesn't parse as CommonJS.
Reparsing as ES module because module syntax was detected. This incurs a performance overhead.
To eliminate this warning, add "type": "module" to D:\Users\User\source\repos\SarvNewVer\src\frontend\package.json.
(Use `node --trace-warnings ...` to show where the warning was created)
✔ mapProductHistoryPage maps camelCase and preserves API order (0.9323ms)
✔ mapProductHistoryPage accepts PascalCase Host payload (0.1671ms)
✔ Persian summaries and section filter labels (12.6965ms)
✔ panel and screen wiring contracts (1.4166ms)
(node:1060) [MODULE_TYPELESS_PACKAGE_JSON] Warning: Module type of file:///D:/Users/User/source/repos/SarvNewVer/src/frontend/app/admin/product-media-panel.test.ts is not specified and it doesn't parse as CommonJS.
Reparsing as ES module because module syntax was detected. This incurs a performance overhead.
To eliminate this warning, add "type": "module" to D:\Users\User\source\repos\SarvNewVer\src\frontend\package.json.
(Use `node --trace-warnings ...` to show where the warning was created)
✔ sortMediaItems puts primary first then displayOrder (0.8616ms)
✔ moveMediaAssetId and alt dirty helpers (0.1585ms)
✔ readiness and count labels are Persian (10.1318ms)
✔ panel source has VIEW/EDIT, تصویر اصلی, placeholder add, no AgGrid/Price/Stock (0.8225ms)
✔ workspace wires ProductMediaPanel into رسانه tab without Guid as primary UX (0.3017ms)
(node:15624) [MODULE_TYPELESS_PACKAGE_JSON] Warning: Module type of file:///D:/Users/User/source/repos/SarvNewVer/src/frontend/app/admin/product-publishing-panel.test.ts is not specified and it doesn't parse as CommonJS.
Reparsing as ES module because module syntax was detected. This incurs a performance overhead.
To eliminate this warning, add "type": "module" to D:\Users\User\source\repos\SarvNewVer\src\frontend\package.json.
(Use `node --trace-warnings ...` to show where the warning was created)
✔ lifecycle labels are Persian (0.8259ms)
✔ checklist maps readiness and missing navigation tabs (0.2855ms)
✔ mapPublishReadiness accepts PascalCase Host payload (0.2695ms)
✔ publishing panel and host-client wiring contracts (1.6557ms)
(node:16724) [MODULE_TYPELESS_PACKAGE_JSON] Warning: Module type of file:///D:/Users/User/source/repos/SarvNewVer/src/frontend/app/admin/product-seo-panel.test.ts is not specified and it doesn't parse as CommonJS.
Reparsing as ES module because module syntax was detected. This incurs a performance overhead.
To eliminate this warning, add "type": "module" to D:\Users\User\source\repos\SarvNewVer\src\frontend\package.json.
(Use `node --trace-warnings ...` to show where the warning was created)
✔ mapSeoDetail and dirty/preview helpers (0.7774ms)
✔ readiness labels are Persian (0.1338ms)
✔ panel source has VIEW/EDIT labels Save/Cancel SERP and no AgGrid/Price/Stock (0.4483ms)
✔ workspace wires ProductSeoPanel into SEO tab (0.5573ms)
✔ host-client exposes SEO GET/PUT/readiness without Pricing joins (0.525ms)
(node:36176) [MODULE_TYPELESS_PACKAGE_JSON] Warning: Module type of file:///D:/Users/User/source/repos/SarvNewVer/src/frontend/app/admin/product-variants-panel.test.ts is not specified and it doesn't parse as CommonJS.
Reparsing as ES module because module syntax was detected. This incurs a performance overhead.
To eliminate this warning, add "type": "module" to D:\Users\User\source\repos\SarvNewVer\src\frontend\package.json.
(Use `node --trace-warnings ...` to show where the warning was created)
✔ axis draft dirty detection and selectedAxes payload (0.9128ms)
✔ combination estimate and readable labels (0.1283ms)
✔ panel source has VIEW/EDIT, preview, impact, no price/stock/AgGrid/raw IDs in labels (0.3716ms)
✔ workspace wires ProductVariantsPanel into تنوع‌ها tab (0.7195ms)
(node:24340) [MODULE_TYPELESS_PACKAGE_JSON] Warning: Module type of file:///D:/Users/User/source/repos/SarvNewVer/src/frontend/app/admin/product-workspace-dirty.test.ts is not specified and it doesn't parse as CommonJS.
Reparsing as ES module because module syntax was detected. This incurs a performance overhead.
To eliminate this warning, add "type": "module" to D:\Users\User\source\repos\SarvNewVer\src\frontend\package.json.
(Use `node --trace-warnings ...` to show where the warning was created)
✔ dirty registry module exports registration API (1.2751ms)
✔ dirty context provides provider and registration hook (0.2681ms)
✔ createProductWorkspaceDirtyRegistry tracks dirty and discard (0.8463ms)
✔ workspace screen wires Dialog unsaved guard and pendingNav (0.4188ms)
✔ onSectionChange guards dirty before setSectionId (0.4172ms)
✔ exit edit is guarded via pendingNav dialog (0.4455ms)
✔ attributes / variants / seo / media register dirty (0.3825ms)
✔ panel save paths clear dirty / reload after save (0.3602ms)
✔ attributes and variants cancel no longer use window.confirm (0.2363ms)
✔ seo locale switch may keep local window.confirm; tab switch uses Dialog (0.3053ms)
(node:32488) [MODULE_TYPELESS_PACKAGE_JSON] Warning: Module type of file:///D:/Users/User/source/repos/SarvNewVer/src/frontend/app/admin/product-workspace-polish.test.ts is not specified and it doesn't parse as CommonJS.
Reparsing as ES module because module syntax was detected. This incurs a performance overhead.
To eliminate this warning, add "type": "module" to D:\Users\User\source\repos\SarvNewVer\src\frontend\package.json.
(Use `node --trace-warnings ...` to show where the warning was created)
✔ enter edit does not force general section (0.7744ms)
✔ onSectionChange guards dirty without cancelling edit mode (0.2864ms)
✔ readOnly passes viewScope only (0.6757ms)
✔ translations tab has no deferred next-task copy (0.2042ms)
✔ shell edit exit and mode badge (0.2128ms)
✔ AppDataGrid preserved; no AgGridReact in product list (0.1922ms)
✔ no گونه in product workspace labels or host variant docs (0.3863ms)
✔ WorkspaceShell desktop tabs scroll horizontally (0.2237ms)
(node:35104) [MODULE_TYPELESS_PACKAGE_JSON] Warning: Module type of file:///D:/Users/User/source/repos/SarvNewVer/src/frontend/app/admin/workspace-model.test.ts is not specified and it doesn't parse as CommonJS.
Reparsing as ES module because module syntax was detected. This incurs a performance overhead.
To eliminate this warning, add "type": "module" to D:\Users\User\source\repos\SarvNewVer\src\frontend\package.json.
(Use `node --trace-warnings ...` to show where the warning was created)
✔ commercial grouping keeps multiple sellers (0.4807ms)
✔ inventory stays offer-scoped (0.1009ms)
✔ publication checks are UI readiness (0.3747ms)
ℹ tests 63
ℹ suites 0
ℹ pass 63
ℹ fail 0
ℹ cancelled 0
ℹ skipped 0
ℹ todo 0
ℹ duration_ms 187.8675
