
> tooba-web@0.0.1 test:product-workspace
> node --experimental-strip-types --test app/admin/workspace-model.test.ts app/admin/host-client.test.ts app/admin/product-catalog-admin.test.ts app/admin/product-category-level.test.ts app/admin/product-attributes-panel.test.ts app/admin/product-variants-panel.test.ts app/admin/product-media-panel.test.ts app/admin/product-seo-panel.test.ts app/admin/product-publishing-panel.test.ts

(node:7060) [MODULE_TYPELESS_PACKAGE_JSON] Warning: Module type of file:///D:/Users/User/source/repos/SarvNewVer/src/frontend/app/admin/host-client.test.ts is not specified and it doesn't parse as CommonJS.
Reparsing as ES module because module syntax was detected. This incurs a performance overhead.
To eliminate this warning, add "type": "module" to D:\Users\User\source\repos\SarvNewVer\src\frontend\package.json.
(Use `node --trace-warnings ...` to show where the warning was created)
✔ list mapper keeps offer counts off the Product price field (0.5818ms)
✔ workspace mapper keeps prices on offers not product (0.6287ms)
(node:30600) [MODULE_TYPELESS_PACKAGE_JSON] Warning: Module type of file:///D:/Users/User/source/repos/SarvNewVer/src/frontend/app/admin/product-attributes-panel.test.ts is not specified and it doesn't parse as CommonJS.
Reparsing as ES module because module syntax was detected. This incurs a performance overhead.
To eliminate this warning, add "type": "module" to D:\Users\User\source\repos\SarvNewVer\src\frontend\package.json.
(Use `node --trace-warnings ...` to show where the warning was created)
✔ validateAttributeDrafts blocks missing required text/enum (0.7109ms)
✔ draftToValueInput builds enum and clear payloads without raw IDs in UI contract (0.2471ms)
✔ isAttributeDraftDirty detects enum and number changes (0.8689ms)
✔ panel source has VIEW/EDIT typed controls and no Product-local attribute creation (0.4461ms)
(node:19404) [MODULE_TYPELESS_PACKAGE_JSON] Warning: Module type of file:///D:/Users/User/source/repos/SarvNewVer/src/frontend/app/admin/product-catalog-admin.test.ts is not specified and it doesn't parse as CommonJS.
Reparsing as ES module because module syntax was detected. This incurs a performance overhead.
To eliminate this warning, add "type": "module" to D:\Users\User\source\repos\SarvNewVer\src\frontend\package.json.
(Use `node --trace-warnings ...` to show where the warning was created)
✔ product list keeps AppDataGrid and rejects raw AgGridReact (1.3125ms)
✔ create CTA is draft-only with category picker (1.1605ms)
✔ row actions use view/edit scopes and safe archive label (0.3172ms)
✔ variant terminology uses تنوع not گونه in product list (0.2765ms)
✔ product category picker is hierarchical level-3-only with human paths (0.3545ms)
✔ create flow blocks invalid category via level error mapping (0.2733ms)
✔ workspace warns on non-L3 category and preserves VIEW/EDIT (0.3598ms)
✔ workspace tabs and form mode foundation (0.4712ms)
✔ attributes tab requires categoryId and wires schema-driven panel (0.3691ms)
✔ workspace page passes view and edit scope (0.353ms)
✔ host-client maps core/category helpers and new workspace fields (0.5243ms)
(node:35736) [MODULE_TYPELESS_PACKAGE_JSON] Warning: Module type of file:///D:/Users/User/source/repos/SarvNewVer/src/frontend/app/admin/product-category-level.test.ts is not specified and it doesn't parse as CommonJS.
Reparsing as ES module because module syntax was detected. This incurs a performance overhead.
To eliminate this warning, add "type": "module" to D:\Users\User\source\repos\SarvNewVer\src\frontend\package.json.
(Use `node --trace-warnings ...` to show where the warning was created)
✔ category level is one plus ancestor count (0.4877ms)
✔ only level 3 is assignable (0.1563ms)
✔ listCategoryChildren returns sorted siblings (0.4543ms)
(node:41388) [MODULE_TYPELESS_PACKAGE_JSON] Warning: Module type of file:///D:/Users/User/source/repos/SarvNewVer/src/frontend/app/admin/product-media-panel.test.ts is not specified and it doesn't parse as CommonJS.
Reparsing as ES module because module syntax was detected. This incurs a performance overhead.
To eliminate this warning, add "type": "module" to D:\Users\User\source\repos\SarvNewVer\src\frontend\package.json.
(Use `node --trace-warnings ...` to show where the warning was created)
✔ sortMediaItems puts primary first then displayOrder (1.3416ms)
✔ moveMediaAssetId and alt dirty helpers (0.2707ms)
✔ readiness and count labels are Persian (11.0235ms)
✔ panel source has VIEW/EDIT, تصویر اصلی, placeholder add, no AgGrid/Price/Stock (1.5009ms)
✔ workspace wires ProductMediaPanel into رسانه tab without Guid as primary UX (0.3183ms)
(node:12544) [MODULE_TYPELESS_PACKAGE_JSON] Warning: Module type of file:///D:/Users/User/source/repos/SarvNewVer/src/frontend/app/admin/product-publishing-panel.test.ts is not specified and it doesn't parse as CommonJS.
Reparsing as ES module because module syntax was detected. This incurs a performance overhead.
To eliminate this warning, add "type": "module" to D:\Users\User\source\repos\SarvNewVer\src\frontend\package.json.
(Use `node --trace-warnings ...` to show where the warning was created)
✔ lifecycle labels are Persian (0.5043ms)
✔ checklist maps readiness and missing navigation tabs (0.1767ms)
✔ mapPublishReadiness accepts PascalCase Host payload (0.1549ms)
✔ publishing panel and host-client wiring contracts (1.3516ms)
(node:23948) [MODULE_TYPELESS_PACKAGE_JSON] Warning: Module type of file:///D:/Users/User/source/repos/SarvNewVer/src/frontend/app/admin/product-seo-panel.test.ts is not specified and it doesn't parse as CommonJS.
Reparsing as ES module because module syntax was detected. This incurs a performance overhead.
To eliminate this warning, add "type": "module" to D:\Users\User\source\repos\SarvNewVer\src\frontend\package.json.
(Use `node --trace-warnings ...` to show where the warning was created)
✔ mapSeoDetail and dirty/preview helpers (0.5788ms)
✔ readiness labels are Persian (0.0914ms)
✔ panel source has VIEW/EDIT labels Save/Cancel SERP and no AgGrid/Price/Stock (0.3783ms)
✔ workspace wires ProductSeoPanel into SEO tab (1.0713ms)
✔ host-client exposes SEO GET/PUT/readiness without Pricing joins (0.6027ms)
(node:38896) [MODULE_TYPELESS_PACKAGE_JSON] Warning: Module type of file:///D:/Users/User/source/repos/SarvNewVer/src/frontend/app/admin/product-variants-panel.test.ts is not specified and it doesn't parse as CommonJS.
Reparsing as ES module because module syntax was detected. This incurs a performance overhead.
To eliminate this warning, add "type": "module" to D:\Users\User\source\repos\SarvNewVer\src\frontend\package.json.
(Use `node --trace-warnings ...` to show where the warning was created)
✔ axis draft dirty detection and selectedAxes payload (0.8552ms)
✔ combination estimate and readable labels (0.1345ms)
✔ panel source has VIEW/EDIT, preview, impact, no price/stock/AgGrid/raw IDs in labels (0.4275ms)
✔ workspace wires ProductVariantsPanel into تنوع‌ها tab (0.7243ms)
(node:29060) [MODULE_TYPELESS_PACKAGE_JSON] Warning: Module type of file:///D:/Users/User/source/repos/SarvNewVer/src/frontend/app/admin/workspace-model.test.ts is not specified and it doesn't parse as CommonJS.
Reparsing as ES module because module syntax was detected. This incurs a performance overhead.
To eliminate this warning, add "type": "module" to D:\Users\User\source\repos\SarvNewVer\src\frontend\package.json.
(Use `node --trace-warnings ...` to show where the warning was created)
✔ commercial grouping keeps multiple sellers (0.4575ms)
✔ inventory stays offer-scoped (0.0865ms)
✔ publication checks are UI readiness (0.3771ms)
ℹ tests 41
ℹ suites 0
ℹ pass 41
ℹ fail 0
ℹ cancelled 0
ℹ skipped 0
ℹ todo 0
ℹ duration_ms 147.7578
