(node:6812) [MODULE_TYPELESS_PACKAGE_JSON] Warning: Module type of file:///D:/Users/User/source/repos/SarvNewVer/src/frontend/app/admin/product-workspace-polish.test.ts is not specified and it doesn't parse as CommonJS.
Reparsing as ES module because module syntax was detected. This incurs a performance overhead.
To eliminate this warning, add "type": "module" to D:\Users\User\source\repos\SarvNewVer\src\frontend\package.json.
(Use `node --trace-warnings ...` to show where the warning was created)
✔ enter edit does not force general section (1.4501ms)
✔ onSectionChange guards dirty without cancelling edit mode (0.3499ms)
✔ readOnly passes viewScope only (0.2195ms)
✔ translations tab has editable panel not deferred stub (0.2346ms)
✔ general edit has no fixed-language title/description fields (0.2767ms)
✔ shell edit exit and mode badge (0.342ms)
✔ AppDataGrid preserved; dedicated create route CTA (0.2013ms)
✔ no گونه in product workspace labels or host variant docs (0.3493ms)
✔ WorkspaceShell desktop tabs scroll horizontally (0.1983ms)
✔ summary strip sits above tabs; product summary cards expanded (0.4294ms)
✔ product list hides Product-looking price/stock columns; create is dedicated route (0.2699ms)
✔ VIEW description renders sanitized HTML; readiness codes are humanized (0.5147ms)
✔ WorkspaceShell does not show permission-denied under intentional readOnly title (0.153ms)
ℹ tests 13
ℹ suites 0
ℹ pass 13
ℹ fail 0
ℹ cancelled 0
ℹ skipped 0
ℹ todo 0
ℹ duration_ms 94.541
