  Determining projects to restore...
  All projects are up-to-date for restore.
  Tooba.BuildingBlocks -> D:\Users\User\source\repos\SarvNewVer\artifacts\t035-host-run\Tooba.BuildingBlocks.dll
  Tooba.ModuleContracts -> D:\Users\User\source\repos\SarvNewVer\artifacts\t035-host-run\Tooba.ModuleContracts.dll
  Tooba.Payment.Domain -> D:\Users\User\source\repos\SarvNewVer\artifacts\t035-host-run\Tooba.Payment.Domain.dll
  Tooba.Inventory.Domain -> D:\Users\User\source\repos\SarvNewVer\artifacts\t035-host-run\Tooba.Inventory.Domain.dll
  Tooba.Catalog.Domain -> D:\Users\User\source\repos\SarvNewVer\artifacts\t035-host-run\Tooba.Catalog.Domain.dll
  Tooba.Settlement.Domain -> D:\Users\User\source\repos\SarvNewVer\artifacts\t035-host-run\Tooba.Settlement.Domain.dll
  Tooba.Media.Domain -> D:\Users\User\source\repos\SarvNewVer\artifacts\t035-host-run\Tooba.Media.Domain.dll
  Tooba.CustomerProfile.Domain -> D:\Users\User\source\repos\SarvNewVer\artifacts\t035-host-run\Tooba.CustomerProfile.Domain.dll
  Tooba.Story.Domain -> D:\Users\User\source\repos\SarvNewVer\artifacts\t035-host-run\Tooba.Story.Domain.dll
  Tooba.OperatorProfile.Domain -> D:\Users\User\source\repos\SarvNewVer\artifacts\t035-host-run\Tooba.OperatorProfile.Domain.dll
  Tooba.Reviews.Domain -> D:\Users\User\source\repos\SarvNewVer\artifacts\t035-host-run\Tooba.Reviews.Domain.dll
  Tooba.BulkInquiry.Domain -> D:\Users\User\source\repos\SarvNewVer\artifacts\t035-host-run\Tooba.BulkInquiry.Domain.dll
  Tooba.Returns.Domain -> D:\Users\User\source\repos\SarvNewVer\artifacts\t035-host-run\Tooba.Returns.Domain.dll
  Tooba.ProductQnA.Domain -> D:\Users\User\source\repos\SarvNewVer\artifacts\t035-host-run\Tooba.ProductQnA.Domain.dll
  Tooba.PageComposition.Domain -> D:\Users\User\source\repos\SarvNewVer\artifacts\t035-host-run\Tooba.PageComposition.Domain.dll
  Tooba.Offer.Domain -> D:\Users\User\source\repos\SarvNewVer\artifacts\t035-host-run\Tooba.Offer.Domain.dll
  Tooba.Wallet.Domain -> D:\Users\User\source\repos\SarvNewVer\artifacts\t035-host-run\Tooba.Wallet.Domain.dll
  Tooba.Tax.Domain -> D:\Users\User\source\repos\SarvNewVer\artifacts\t035-host-run\Tooba.Tax.Domain.dll
  Tooba.Payment.Application -> D:\Users\User\source\repos\SarvNewVer\artifacts\t035-host-run\Tooba.Payment.Application.dll
  Tooba.Wishlist.Domain -> D:\Users\User\source\repos\SarvNewVer\artifacts\t035-host-run\Tooba.Wishlist.Domain.dll
  Tooba.Content.Domain -> D:\Users\User\source\repos\SarvNewVer\artifacts\t035-host-run\Tooba.Content.Domain.dll
  Tooba.Identity.Domain -> D:\Users\User\source\repos\SarvNewVer\artifacts\t035-host-run\Tooba.Identity.Domain.dll
  Tooba.AccessControl.Domain -> D:\Users\User\source\repos\SarvNewVer\artifacts\t035-host-run\Tooba.AccessControl.Domain.dll
  Tooba.UserPreference.Domain -> D:\Users\User\source\repos\SarvNewVer\artifacts\t035-host-run\Tooba.UserPreference.Domain.dll
  Tooba.Promotion.Domain -> D:\Users\User\source\repos\SarvNewVer\artifacts\t035-host-run\Tooba.Promotion.Domain.dll
  Tooba.Notification.Domain -> D:\Users\User\source\repos\SarvNewVer\artifacts\t035-host-run\Tooba.Notification.Domain.dll
  Tooba.Support.Domain -> D:\Users\User\source\repos\SarvNewVer\artifacts\t035-host-run\Tooba.Support.Domain.dll
  Tooba.Reviews.Application -> D:\Users\User\source\repos\SarvNewVer\artifacts\t035-host-run\Tooba.Reviews.Application.dll
  Tooba.Story.Application -> D:\Users\User\source\repos\SarvNewVer\artifacts\t035-host-run\Tooba.Story.Application.dll
  Tooba.Order.Domain -> D:\Users\User\source\repos\SarvNewVer\artifacts\t035-host-run\Tooba.Order.Domain.dll
  Tooba.Pricing.Domain -> D:\Users\User\source\repos\SarvNewVer\artifacts\t035-host-run\Tooba.Pricing.Domain.dll
  Tooba.CustomerProfile.Application -> D:\Users\User\source\repos\SarvNewVer\artifacts\t035-host-run\Tooba.CustomerProfile.Application.dll
  Tooba.Cart.Domain -> D:\Users\User\source\repos\SarvNewVer\artifacts\t035-host-run\Tooba.Cart.Domain.dll
  Tooba.Returns.Application -> D:\Users\User\source\repos\SarvNewVer\artifacts\t035-host-run\Tooba.Returns.Application.dll
  Tooba.BulkInquiry.Application -> D:\Users\User\source\repos\SarvNewVer\artifacts\t035-host-run\Tooba.BulkInquiry.Application.dll
  Tooba.Party.Domain -> D:\Users\User\source\repos\SarvNewVer\artifacts\t035-host-run\Tooba.Party.Domain.dll
  Tooba.Catalog.Application -> D:\Users\User\source\repos\SarvNewVer\artifacts\t035-host-run\Tooba.Catalog.Application.dll
  Tooba.Media.Application -> D:\Users\User\source\repos\SarvNewVer\artifacts\t035-host-run\Tooba.Media.Application.dll
  Tooba.ProductQnA.Application -> D:\Users\User\source\repos\SarvNewVer\artifacts\t035-host-run\Tooba.ProductQnA.Application.dll
  Tooba.Offer.Application -> D:\Users\User\source\repos\SarvNewVer\artifacts\t035-host-run\Tooba.Offer.Application.dll
  Tooba.Identity.Application -> D:\Users\User\source\repos\SarvNewVer\artifacts\t035-host-run\Tooba.Identity.Application.dll
  Tooba.AddressBook.Domain -> D:\Users\User\source\repos\SarvNewVer\artifacts\t035-host-run\Tooba.AddressBook.Domain.dll
  Tooba.AccessControl.Application -> D:\Users\User\source\repos\SarvNewVer\artifacts\t035-host-run\Tooba.AccessControl.Application.dll
  Tooba.Fulfillment.Domain -> D:\Users\User\source\repos\SarvNewVer\artifacts\t035-host-run\Tooba.Fulfillment.Domain.dll
  Tooba.Wishlist.Application -> D:\Users\User\source\repos\SarvNewVer\artifacts\t035-host-run\Tooba.Wishlist.Application.dll
  Tooba.Wallet.Application -> D:\Users\User\source\repos\SarvNewVer\artifacts\t035-host-run\Tooba.Wallet.Application.dll
  Tooba.PageComposition.Application -> D:\Users\User\source\repos\SarvNewVer\artifacts\t035-host-run\Tooba.PageComposition.Application.dll
  Tooba.Support.Application -> D:\Users\User\source\repos\SarvNewVer\artifacts\t035-host-run\Tooba.Support.Application.dll
  Tooba.UserPreference.Application -> D:\Users\User\source\repos\SarvNewVer\artifacts\t035-host-run\Tooba.UserPreference.Application.dll
  Tooba.Settlement.Application -> D:\Users\User\source\repos\SarvNewVer\artifacts\t035-host-run\Tooba.Settlement.Application.dll
  Tooba.Promotion.Application -> D:\Users\User\source\repos\SarvNewVer\artifacts\t035-host-run\Tooba.Promotion.Application.dll
  Tooba.AddressBook.Application -> D:\Users\User\source\repos\SarvNewVer\artifacts\t035-host-run\Tooba.AddressBook.Application.dll
  Tooba.Notification.Application -> D:\Users\User\source\repos\SarvNewVer\artifacts\t035-host-run\Tooba.Notification.Application.dll
  Tooba.Persistence -> D:\Users\User\source\repos\SarvNewVer\artifacts\t035-host-run\Tooba.Persistence.dll
  Tooba.OperatorProfile.Application -> D:\Users\User\source\repos\SarvNewVer\artifacts\t035-host-run\Tooba.OperatorProfile.Application.dll
  Tooba.Inventory.Application -> D:\Users\User\source\repos\SarvNewVer\artifacts\t035-host-run\Tooba.Inventory.Application.dll
  Tooba.Content.Application -> D:\Users\User\source\repos\SarvNewVer\artifacts\t035-host-run\Tooba.Content.Application.dll
  Tooba.Tax.Application -> D:\Users\User\source\repos\SarvNewVer\artifacts\t035-host-run\Tooba.Tax.Application.dll
  Tooba.ProductQnA.Infrastructure -> D:\Users\User\source\repos\SarvNewVer\artifacts\t035-host-run\Tooba.ProductQnA.Infrastructure.dll
  Tooba.PageComposition.Infrastructure -> D:\Users\User\source\repos\SarvNewVer\artifacts\t035-host-run\Tooba.PageComposition.Infrastructure.dll
  Tooba.Fulfillment.Application -> D:\Users\User\source\repos\SarvNewVer\artifacts\t035-host-run\Tooba.Fulfillment.Application.dll
  Tooba.Party.Application -> D:\Users\User\source\repos\SarvNewVer\artifacts\t035-host-run\Tooba.Party.Application.dll
  Tooba.Pricing.Application -> D:\Users\User\source\repos\SarvNewVer\artifacts\t035-host-run\Tooba.Pricing.Application.dll
  Tooba.PlatformProbe.Infrastructure -> D:\Users\User\source\repos\SarvNewVer\artifacts\t035-host-run\Tooba.PlatformProbe.Infrastructure.dll
  Tooba.AddressBook.Infrastructure -> D:\Users\User\source\repos\SarvNewVer\artifacts\t035-host-run\Tooba.AddressBook.Infrastructure.dll
  Tooba.Content.Infrastructure -> D:\Users\User\source\repos\SarvNewVer\artifacts\t035-host-run\Tooba.Content.Infrastructure.dll
  Tooba.OperatorProfile.Infrastructure -> D:\Users\User\source\repos\SarvNewVer\artifacts\t035-host-run\Tooba.OperatorProfile.Infrastructure.dll
  Tooba.Tax.Infrastructure -> D:\Users\User\source\repos\SarvNewVer\artifacts\t035-host-run\Tooba.Tax.Infrastructure.dll
  Tooba.Wallet.Infrastructure -> D:\Users\User\source\repos\SarvNewVer\artifacts\t035-host-run\Tooba.Wallet.Infrastructure.dll
  Tooba.AccessControl.Infrastructure -> D:\Users\User\source\repos\SarvNewVer\artifacts\t035-host-run\Tooba.AccessControl.Infrastructure.dll
  Tooba.CustomerProfile.Infrastructure -> D:\Users\User\source\repos\SarvNewVer\artifacts\t035-host-run\Tooba.CustomerProfile.Infrastructure.dll
  Tooba.BulkInquiry.Infrastructure -> D:\Users\User\source\repos\SarvNewVer\artifacts\t035-host-run\Tooba.BulkInquiry.Infrastructure.dll
  Tooba.Pricing.Infrastructure -> D:\Users\User\source\repos\SarvNewVer\artifacts\t035-host-run\Tooba.Pricing.Infrastructure.dll
  Tooba.Cart.Application -> D:\Users\User\source\repos\SarvNewVer\artifacts\t035-host-run\Tooba.Cart.Application.dll
  Tooba.UserPreference.Infrastructure -> D:\Users\User\source\repos\SarvNewVer\artifacts\t035-host-run\Tooba.UserPreference.Infrastructure.dll
  Tooba.Party.Infrastructure -> D:\Users\User\source\repos\SarvNewVer\artifacts\t035-host-run\Tooba.Party.Infrastructure.dll
  Tooba.Offer.Infrastructure -> D:\Users\User\source\repos\SarvNewVer\artifacts\t035-host-run\Tooba.Offer.Infrastructure.dll
  Tooba.Identity.Infrastructure -> D:\Users\User\source\repos\SarvNewVer\artifacts\t035-host-run\Tooba.Identity.Infrastructure.dll
  Tooba.Support.Infrastructure -> D:\Users\User\source\repos\SarvNewVer\artifacts\t035-host-run\Tooba.Support.Infrastructure.dll
  Tooba.Media.Infrastructure -> D:\Users\User\source\repos\SarvNewVer\artifacts\t035-host-run\Tooba.Media.Infrastructure.dll
  Tooba.Inventory.Infrastructure -> D:\Users\User\source\repos\SarvNewVer\artifacts\t035-host-run\Tooba.Inventory.Infrastructure.dll
  Tooba.Cart.Infrastructure -> D:\Users\User\source\repos\SarvNewVer\artifacts\t035-host-run\Tooba.Cart.Infrastructure.dll
  Tooba.Promotion.Infrastructure -> D:\Users\User\source\repos\SarvNewVer\artifacts\t035-host-run\Tooba.Promotion.Infrastructure.dll
  Tooba.Order.Application -> D:\Users\User\source\repos\SarvNewVer\artifacts\t035-host-run\Tooba.Order.Application.dll
  Tooba.Wishlist.Infrastructure -> D:\Users\User\source\repos\SarvNewVer\artifacts\t035-host-run\Tooba.Wishlist.Infrastructure.dll
  Tooba.Catalog.Infrastructure -> D:\Users\User\source\repos\SarvNewVer\artifacts\t035-host-run\Tooba.Catalog.Infrastructure.dll
  Tooba.Payment.Infrastructure -> D:\Users\User\source\repos\SarvNewVer\artifacts\t035-host-run\Tooba.Payment.Infrastructure.dll
  Tooba.Story.Infrastructure -> D:\Users\User\source\repos\SarvNewVer\artifacts\t035-host-run\Tooba.Story.Infrastructure.dll
  Tooba.Order.Infrastructure -> D:\Users\User\source\repos\SarvNewVer\artifacts\t035-host-run\Tooba.Order.Infrastructure.dll
  Tooba.Reviews.Infrastructure -> D:\Users\User\source\repos\SarvNewVer\artifacts\t035-host-run\Tooba.Reviews.Infrastructure.dll
  Tooba.Fulfillment.Infrastructure -> D:\Users\User\source\repos\SarvNewVer\artifacts\t035-host-run\Tooba.Fulfillment.Infrastructure.dll
  Tooba.Returns.Infrastructure -> D:\Users\User\source\repos\SarvNewVer\artifacts\t035-host-run\Tooba.Returns.Infrastructure.dll
  Tooba.Settlement.Infrastructure -> D:\Users\User\source\repos\SarvNewVer\artifacts\t035-host-run\Tooba.Settlement.Infrastructure.dll
  Tooba.Notification.Infrastructure -> D:\Users\User\source\repos\SarvNewVer\artifacts\t035-host-run\Tooba.Notification.Infrastructure.dll
  Tooba.Host -> D:\Users\User\source\repos\SarvNewVer\artifacts\t035-host-run\Tooba.Host.dll

Build succeeded.
    0 Warning(s)
    0 Error(s)

Time Elapsed 00:00:20.68
