docs/catalog/PRODUCT-HISTORY.md:3: trailing whitespace.
+> **Task:** TB-P07-T019 · **Phase:** P07 Advanced Catalog  
docs/evidence/TB-P07-T019/04-fe-lint.log:11: trailing whitespace.
+ 
docs/evidence/TB-P07-T019/06-fe-build.log:12: trailing whitespace.
+   Generating static pages (20/81) 
docs/evidence/TB-P07-T019/06-fe-build.log:13: trailing whitespace.
+   Generating static pages (40/81) 
docs/evidence/TB-P07-T019/06-fe-build.log:14: trailing whitespace.
+   Generating static pages (60/81) 
docs/evidence/TB-P07-T019/06-fe-build.log:138: new blank line at EOF.
docs/evidence/TB-P07-T019/07-git-diff-check.log:7: trailing whitespace.
+ 
docs/evidence/TB-P07-T019/07-git-diff-check.log:8: trailing whitespace.
+warning: in the working copy of 'docs/ai/TOOBA-RECOVERY-CONTEXT.md', LF will be replaced by CRLF the next time Git 
docs/evidence/TB-P07-T019/07-git-diff-check.log:10: trailing whitespace.
+warning: in the working copy of 'src/backend/Host/Tooba.Host.Tests/AdminPanelCompositionTests.cs', LF will be replaced 
docs/evidence/TB-P07-T019/07-git-diff-check.log:12: trailing whitespace.
+warning: in the working copy of 'src/backend/Host/Tooba.Host.Tests/StoryFoundationTests.cs', LF will be replaced by 
docs/evidence/TB-P07-T019/07-git-diff-check.log:14: trailing whitespace.
+warning: in the working copy of 'src/backend/Host/Tooba.Host/Admin/ProductWorkspaceComposer.cs', LF will be replaced 
docs/evidence/TB-P07-T019/07-git-diff-check.log:16: trailing whitespace.
+warning: in the working copy of 'src/backend/Host/Tooba.Host/Admin/ProductWorkspaceEndpoints.cs', LF will be replaced 
docs/evidence/TB-P07-T019/07-git-diff-check.log:18: trailing whitespace.
+warning: in the working copy of 'src/backend/Host/Tooba.Host/Admin/ProductWorkspaceModels.cs', LF will be replaced by 
docs/evidence/TB-P07-T019/07-git-diff-check.log:20: trailing whitespace.
+warning: in the working copy of 'src/backend/Modules/Catalog/Tooba.Catalog.Application/CatalogContracts.cs', LF will 
docs/evidence/TB-P07-T019/07-git-diff-check.log:22: trailing whitespace.
+warning: in the working copy of 'src/backend/Modules/Catalog/Tooba.Catalog.Infrastructure/CatalogDirectory.cs', LF 
docs/evidence/TB-P07-T019/07-git-diff-check.log:24: trailing whitespace.
+warning: in the working copy of 'src/backend/Modules/Catalog/Tooba.Catalog.Infrastructure/CatalogModule.cs', LF will 
docs/evidence/TB-P07-T019/07-git-diff-check.log:26: trailing whitespace.
+warning: in the working copy of 
docs/evidence/TB-P07-T019/07-git-diff-check.log:27: trailing whitespace.
+'src/backend/Modules/Catalog/Tooba.Catalog.Infrastructure/Persistence/CatalogDbContext.cs', LF will be replaced by 
docs/evidence/TB-P07-T019/07-git-diff-check.log:29: trailing whitespace.
+warning: in the working copy of 'src/frontend/app/admin/host-client.ts', LF will be replaced by CRLF the next time Git 
docs/evidence/TB-P07-T019/07-git-diff-check.log:31: trailing whitespace.
+warning: in the working copy of 'src/frontend/app/admin/product-workspace-screen.tsx', LF will be replaced by CRLF the 
docs/evidence/TB-P07-T019/07-git-diff-check.log:33: trailing whitespace.
+warning: in the working copy of 'src/frontend/app/admin/workspace-model.ts', LF will be replaced by CRLF the next time 
docs/evidence/TB-P07-T019/07-git-diff-check.log:37: trailing whitespace.
++ 
docs/evidence/TB-P07-T019/07-git-diff-check.log:39: trailing whitespace.
++tools\userspace\app\segment-explorer-node.js#SegmentViewNode" in the React Client Manifest. This is probably a bug in 
docs/evidence/TB-P07-T019/07-git-diff-check.log:41: trailing whitespace.
++tools\userspace\app\segment-explorer-node.js#SegmentViewNode" in the React Client Manifest. This is probably a bug in 
docs/evidence/TB-P07-T019/07-git-diff-check.log:43: trailing whitespace.
++tools\userspace\app\segment-explorer-node.js#SegmentViewNode" in the React Client Manifest. This is probably a bug in 
docs/evidence/TB-P07-T019/07-git-diff-check.log:45: trailing whitespace.
++tools\userspace\app\segment-explorer-node.js#SegmentViewNode" in the React Client Manifest. This is probably a bug in 
docs/evidence/TB-P07-T019/07-git-diff-check.log:47: trailing whitespace.
++tools\userspace\app\segment-explorer-node.js#SegmentViewNode" in the React Client Manifest. This is probably a bug in 
docs/evidence/TB-P07-T019/07-git-diff-check.log:49: trailing whitespace.
++tools\userspace\app\segment-explorer-node.js#SegmentViewNode" in the React Client Manifest. This is probably a bug in 
docs/evidence/TB-P07-T019/07-git-diff-check.log:51: trailing whitespace.
++tools\userspace\app\segment-explorer-node.js#SegmentViewNode" in the React Client Manifest. This is probably a bug in 
docs/evidence/TB-P07-T019/07-git-diff-check.log:53: trailing whitespace.
++tools\userspace\app\segment-explorer-node.js#SegmentViewNode" in the React Client Manifest. This is probably a bug in 
docs/evidence/TB-P07-T019/07-git-diff-check.log:55: trailing whitespace.
++tools\userspace\app\segment-explorer-node.js#SegmentViewNode" in the React Client Manifest. This is probably a bug in 
docs/evidence/TB-P07-T019/07-git-diff-check.log:57: trailing whitespace.
++tools\userspace\app\segment-explorer-node.js#SegmentViewNode" in the React Client Manifest. This is probably a bug in 
docs/evidence/TB-P07-T019/07-git-diff-check.log:59: trailing whitespace.
++tools\userspace\app\segment-explorer-node.js#SegmentViewNode" in the React Client Manifest. This is probably a bug in 
docs/evidence/TB-P07-T019/07-git-diff-check.log:61: trailing whitespace.
++<w> [webpack.cache.PackFileCacheStrategy] Restoring pack failed from 
docs/evidence/TB-P07-T019/07-git-diff-check.log:63: trailing whitespace.
++D:\Users\User\source\repos\SarvNewVer\src\frontend\.next\cache\webpack\client-development-fallback.pack.gz: Error: 
docs/evidence/TB-P07-T019/07-git-diff-check.log:65: trailing whitespace.
++ 
docs/evidence/TB-P07-T019/07-git-diff-check.log:67: trailing whitespace.
++  228 | 
docs/evidence/TB-P07-T019/07-git-diff-check.log:69: trailing whitespace.
++tools\userspace\app\segment-explorer-node.js#SegmentViewNode" in the React Client Manifest. This is probably a bug in 
docs/evidence/TB-P07-T019/07-git-diff-check.log:71: trailing whitespace.
++tools\userspace\app\segment-explorer-node.js#SegmentViewNode" in the React Client Manifest. This is probably a bug in 
docs/evidence/TB-P07-T019/07-git-diff-check.log:73: trailing whitespace.
++tools\userspace\app\segment-explorer-node.js#SegmentViewNode" in the React Client Manifest. This is probably a bug in 
docs/evidence/TB-P07-T019/07-git-diff-check.log:75: trailing whitespace.
++tools\userspace\app\segment-explorer-node.js#SegmentViewNode" in the React Client Manifest. This is probably a bug in 
docs/evidence/TB-P07-T019/07-git-diff-check.log:77: trailing whitespace.
++tools\userspace\app\segment-explorer-node.js#SegmentViewNode" in the React Client Manifest. This is probably a bug in 
docs/evidence/TB-P07-T019/07-git-diff-check.log:79: trailing whitespace.
++tools\userspace\app\segment-explorer-node.js#SegmentViewNode" in the React Client Manifest. This is probably a bug in 
docs/evidence/TB-P07-T019/07-git-diff-check.log:81: trailing whitespace.
++tools\userspace\app\segment-explorer-node.js#SegmentViewNode" in the React Client Manifest. This is probably a bug in 
docs/evidence/TB-P07-T019/07-git-diff-check.log:83: trailing whitespace.
++tools\userspace\app\segment-explorer-node.js#SegmentViewNode" in the React Client Manifest. This is probably a bug in 
docs/evidence/TB-P07-T019/07-git-diff-check.log:85: trailing whitespace.
++tools\userspace\app\segment-explorer-node.js#SegmentViewNode" in the React Client Manifest. This is probably a bug in 
docs/evidence/TB-P07-T019/07-git-diff-check.log:87: trailing whitespace.
++tools\userspace\app\segment-explorer-node.js#SegmentViewNode" in the React Client Manifest. This is probably a bug in 
docs/evidence/TB-P07-T019/07-git-diff-check.log:89: trailing whitespace.
++tools\userspace\app\segment-explorer-node.js#SegmentViewNode" in the React Client Manifest. This is probably a bug in 
