{
  "ok": true,
  "errors": [],
  "blockers": [],
  "files": [
    "admin-picker-five-new-distinct-previews.png",
    "admin-review-cinematic-plus.png",
    "sunny-static.png",
    "sunny-autoplay-after.png",
    "money-static.png",
    "money-autoplay-after.png",
    "cinematic-static.png",
    "cinematic-autoplay-after.png",
    "cinematic-mobile.png",
    "cinematic-plus-static.png",
    "cinematic-plus-autoplay-after.png",
    "cinematic-plus-mobile.png",
    "explorer-static.png",
    "explorer-autoplay-after.png",
    "explorer-mobile.png"
  ],
  "autoplay": [
    {
      "variant": "product.sunny",
      "layout": "sunny",
      "beforeIdx": "0",
      "afterIdx": "1",
      "elapsed": 6716,
      "autoAttr": "on",
      "advanced": true
    },
    {
      "variant": "product.money",
      "layout": "money",
      "beforeIdx": "0",
      "afterIdx": "1",
      "elapsed": 5309,
      "autoAttr": "on",
      "advanced": true
    },
    {
      "variant": "product.cinematic",
      "layout": "cinematic",
      "beforeIdx": "0",
      "afterIdx": "1",
      "elapsed": 7716,
      "autoAttr": "on",
      "advanced": true
    },
    {
      "variant": "product.cinematic-plus",
      "layout": "cinematic-plus",
      "beforeIdx": "0",
      "afterIdx": "1",
      "elapsed": 8501,
      "autoAttr": "on",
      "advanced": true
    },
    {
      "variant": "product.explorer",
      "layout": "explorer",
      "beforeIdx": "0",
      "afterIdx": "1",
      "elapsed": 6208,
      "autoAttr": "on",
      "advanced": true
    }
  ],
  "pageBinding": {
    "adminUrl": "http://127.0.0.1:3000/admin/landing-pages/01a0b5dc-42bf-7000-b87c-cdd3ab166f7f",
    "pageId": "01a0b5dc-42bf-7000-b87c-cdd3ab166f7f",
    "slug": "r13-r3-distinct-1789757504355-beq45",
    "exactPublicPath": "/landing/r13-r3-distinct-1789757504355-beq45",
    "exactPublicUrl": "http://127.0.0.1:3000/landing/r13-r3-distinct-1789757504355-beq45"
  }
}
