
> tooba-web@0.0.1 test:critical-storefront
> npm run test:home && npm run test:pdp-guard && npm run test:listing-guard && npm run test:category-plp-guard && npm run test:surface-coverage


> tooba-web@0.0.1 test:home
> node --experimental-strip-types --test app/storefront/storefront-home.test.ts app/storefront/home-structure.guard.test.ts

(node:29884) [MODULE_TYPELESS_PACKAGE_JSON] Warning: Module type of file:///D:/Users/User/source/repos/SarvNewVer/src/frontend/app/storefront/home-structure.guard.test.ts is not specified and it doesn't parse as CommonJS.
Reparsing as ES module because module syntax was detected. This incurs a performance overhead.
To eliminate this warning, add "type": "module" to D:\Users\User\source\repos\SarvNewVer\src\frontend\package.json.
(Use `node --trace-warnings ...` to show where the warning was created)
✔ home guard keeps Shopeiva section markers (0.718ms)
✔ home guard preserves canonical default section order (0.6069ms)
✔ home guard rejects giant catalog dump on Home rail (0.1704ms)
✔ home guard keeps composition renderer switch cases (0.1055ms)
✔ home stories use live Host binding without fake STORY_IMAGES (0.1107ms)
(node:24988) [MODULE_TYPELESS_PACKAGE_JSON] Warning: Module type of file:///D:/Users/User/source/repos/SarvNewVer/src/frontend/app/storefront/storefront-home.test.ts is not specified and it doesn't parse as CommonJS.
Reparsing as ES module because module syntax was detected. This incurs a performance overhead.
To eliminate this warning, add "type": "module" to D:\Users\User\source\repos\SarvNewVer\src\frontend\package.json.
(Use `node --trace-warnings ...` to show where the warning was created)
✔ home mapper prefers homeCategories rail and does not require dumping all categories (0.9865ms)
ℹ tests 6
ℹ suites 0
ℹ pass 6
ℹ fail 0
ℹ cancelled 0
ℹ skipped 0
ℹ todo 0
ℹ duration_ms 117.9804

> tooba-web@0.0.1 test:pdp-guard
> node --experimental-strip-types --test app/storefront/pdp-structure.guard.test.ts

(node:33532) [MODULE_TYPELESS_PACKAGE_JSON] Warning: Module type of file:///D:/Users/User/source/repos/SarvNewVer/src/frontend/app/storefront/pdp-structure.guard.test.ts is not specified and it doesn't parse as CommonJS.
Reparsing as ES module because module syntax was detected. This incurs a performance overhead.
To eliminate this warning, add "type": "module" to D:\Users\User\source\repos\SarvNewVer\src\frontend\package.json.
(Use `node --trace-warnings ...` to show where the warning was created)
✔ pdp guard keeps sticky structurally distinct tabs (0.5295ms)
✔ pdp guard keeps distinct tab bodies (no generic flatten) (0.127ms)
✔ pdp guard keeps other sellers and related product seams (0.0852ms)
✔ pdp add-to-cart stays on the product page like Home (0.0715ms)
✔ pdp guard forbids Product.Price / Product.Stock authority markers (0.085ms)
✔ pdp first paint does not hide SSR failure with client retry (0.3001ms)
ℹ tests 6
ℹ suites 0
ℹ pass 6
ℹ fail 0
ℹ cancelled 0
ℹ skipped 0
ℹ todo 0
ℹ duration_ms 72.4591

> tooba-web@0.0.1 test:listing-guard
> node --experimental-strip-types --test app/storefront/listing-structure.guard.test.ts app/storefront/storefront-product-card-dark.guard.test.ts

(node:33552) [MODULE_TYPELESS_PACKAGE_JSON] Warning: Module type of file:///D:/Users/User/source/repos/SarvNewVer/src/frontend/app/storefront/listing-structure.guard.test.ts is not specified and it doesn't parse as CommonJS.
Reparsing as ES module because module syntax was detected. This incurs a performance overhead.
To eliminate this warning, add "type": "module" to D:\Users\User\source\repos\SarvNewVer\src\frontend\package.json.
(Use `node --trace-warnings ...` to show where the warning was created)
✔ listing guard keeps Shopeiva PLP structure markers (0.4435ms)
✔ listing guard keeps truthful sort options only (0.1461ms)
✔ listing product grid keeps Shopeiva density classes (0.07ms)
✔ product card keeps offer-based pricing and real rating gate (0.0713ms)
(node:21148) [MODULE_TYPELESS_PACKAGE_JSON] Warning: Module type of file:///D:/Users/User/source/repos/SarvNewVer/src/frontend/app/storefront/storefront-product-card-dark.guard.test.ts is not specified and it doesn't parse as CommonJS.
Reparsing as ES module because module syntax was detected. This incurs a performance overhead.
To eliminate this warning, add "type": "module" to D:\Users\User\source\repos\SarvNewVer\src\frontend\package.json.
(Use `node --trace-warnings ...` to show where the warning was created)
✔ one StorefrontProductCardView uses semantic dark chrome (0.5539ms)
✔ canonical dark remaps cover leftover light utilities (0.0906ms)
ℹ tests 6
ℹ suites 0
ℹ pass 6
ℹ fail 0
ℹ cancelled 0
ℹ skipped 0
ℹ todo 0
ℹ duration_ms 78.4342

> tooba-web@0.0.1 test:category-plp-guard
> node --experimental-strip-types --test app/storefront/category-plp.guard.test.ts

(node:27780) [MODULE_TYPELESS_PACKAGE_JSON] Warning: Module type of file:///D:/Users/User/source/repos/SarvNewVer/src/frontend/app/storefront/category-plp.guard.test.ts is not specified and it doesn't parse as CommonJS.
Reparsing as ES module because module syntax was detected. This incurs a performance overhead.
To eliminate this warning, add "type": "module" to D:\Users\User\source\repos\SarvNewVer\src\frontend\package.json.
(Use `node --trace-warnings ...` to show where the warning was created)
✔ category PLP route and public prefix are wired (0.9275ms)
ℹ tests 1
ℹ suites 0
ℹ pass 1
ℹ fail 0
ℹ cancelled 0
ℹ skipped 0
ℹ todo 0
ℹ duration_ms 66.8198

> tooba-web@0.0.1 test:surface-coverage
> node --experimental-strip-types --test lib/storefront-appearance/surface-role.test.ts lib/storefront-appearance/route-inventory.guard.test.ts lib/storefront-appearance/semantic-wrapper.guard.test.ts lib/storefront-appearance/derived-surface.test.ts lib/storefront-appearance/component-compliance.guard.test.ts lib/storefront-appearance/section-context.guard.test.ts app/customer-panel/customer-panel-theme.guard.test.ts app/customer-panel/customer-composition.guard.test.ts app/storefront/pdp-component-surface.guard.test.ts

(node:14836) [MODULE_TYPELESS_PACKAGE_JSON] Warning: Module type of file:///D:/Users/User/source/repos/SarvNewVer/src/frontend/app/customer-panel/customer-composition.guard.test.ts is not specified and it doesn't parse as CommonJS.
Reparsing as ES module because module syntax was detected. This incurs a performance overhead.
To eliminate this warning, add "type": "module" to D:\Users\User\source\repos\SarvNewVer\src\frontend\package.json.
(Use `node --trace-warnings ...` to show where the warning was created)
✔ customer panel composition uses section context and inherit wrappers (0.9441ms)
(node:24828) [MODULE_TYPELESS_PACKAGE_JSON] Warning: Module type of file:///D:/Users/User/source/repos/SarvNewVer/src/frontend/app/customer-panel/customer-panel-theme.guard.test.ts is not specified and it doesn't parse as CommonJS.
Reparsing as ES module because module syntax was detected. This incurs a performance overhead.
To eliminate this warning, add "type": "module" to D:\Users\User\source\repos\SarvNewVer\src\frontend\package.json.
(Use `node --trace-warnings ...` to show where the warning was created)
✔ customer panel inherits store appearance through shared shell tokens (0.6134ms)
✔ root layout remains the storefront appearance loader; panels consume via canvas scope (0.1698ms)
(node:31092) [MODULE_TYPELESS_PACKAGE_JSON] Warning: Module type of file:///D:/Users/User/source/repos/SarvNewVer/src/frontend/app/storefront/pdp-component-surface.guard.test.ts is not specified and it doesn't parse as CommonJS.
Reparsing as ES module because module syntax was detected. This incurs a performance overhead.
To eliminate this warning, add "type": "module" to D:\Users\User\source\repos\SarvNewVer\src\frontend\package.json.
(Use `node --trace-warnings ...` to show where the warning was created)
✔ PDP major regions use section context and inherit-by-default (0.6186ms)
(node:22048) [MODULE_TYPELESS_PACKAGE_JSON] Warning: Module type of file:///D:/Users/User/source/repos/SarvNewVer/src/frontend/lib/storefront-appearance/component-compliance.guard.test.ts is not specified and it doesn't parse as CommonJS.
Reparsing as ES module because module syntax was detected. This incurs a performance overhead.
To eliminate this warning, add "type": "module" to D:\Users\User\source\repos\SarvNewVer\src\frontend\package.json.
(Use `node --trace-warnings ...` to show where the warning was created)
✔ customer-facing components do not introduce structural raw colors (18.0333ms)
✔ component surfaces are centrally derived not Store settings (0.5108ms)
(node:28376) [MODULE_TYPELESS_PACKAGE_JSON] Warning: Module type of file:///D:/Users/User/source/repos/SarvNewVer/src/frontend/lib/storefront-appearance/derived-surface.test.ts is not specified and it doesn't parse as CommonJS.
Reparsing as ES module because module syntax was detected. This incurs a performance overhead.
To eliminate this warning, add "type": "module" to D:\Users\User\source\repos\SarvNewVer\src\frontend\package.json.
(Use `node --trace-warnings ...` to show where the warning was created)
✔ Neutral light keeps accepted white cards and gray media (1.105ms)
✔ PaletteTint derived cards are not pure white and stay off primary (1.2663ms)
✔ mixRgb interpolates channels (0.0804ms)
✔ local surfaces derive from section context and stay off paper-white under PaletteTint (0.7171ms)
(node:3148) [MODULE_TYPELESS_PACKAGE_JSON] Warning: Module type of file:///D:/Users/User/source/repos/SarvNewVer/src/frontend/lib/storefront-appearance/route-inventory.guard.test.ts is not specified and it doesn't parse as CommonJS.
Reparsing as ES module because module syntax was detected. This incurs a performance overhead.
To eliminate this warning, add "type": "module" to D:\Users\User\source\repos\SarvNewVer\src\frontend\package.json.
(Use `node --trace-warnings ...` to show where the warning was created)
✔ route inventory covers public storefront prefixes and customer nav (1.091ms)
✔ customer panel live nav matches inventory and shell (0.3546ms)
✔ inventory crawler source exists as a reusable script (0.1793ms)
(node:23628) [MODULE_TYPELESS_PACKAGE_JSON] Warning: Module type of file:///D:/Users/User/source/repos/SarvNewVer/src/frontend/lib/storefront-appearance/section-context.guard.test.ts is not specified and it doesn't parse as CommonJS.
Reparsing as ES module because module syntax was detected. This incurs a performance overhead.
To eliminate this warning, add "type": "module" to D:\Users\User\source\repos\SarvNewVer\src\frontend\package.json.
(Use `node --trace-warnings ...` to show where the warning was created)
✔ inherit-by-default: structural PDP/Cart wrappers are not giant cards (1.2951ms)
✔ card-area/giant-cardification static gate (0.4513ms)
(node:28948) [MODULE_TYPELESS_PACKAGE_JSON] Warning: Module type of file:///D:/Users/User/source/repos/SarvNewVer/src/frontend/lib/storefront-appearance/semantic-wrapper.guard.test.ts is not specified and it doesn't parse as CommonJS.
Reparsing as ES module because module syntax was detected. This incurs a performance overhead.
To eliminate this warning, add "type": "module" to D:\Users\User\source\repos\SarvNewVer\src\frontend\package.json.
(Use `node --trace-warnings ...` to show where the warning was created)
✔ major storefront wrappers use semantic surface roles instead of page-level bg-white (1.851ms)
✔ storefront wrappers do not fetch appearance per page (0.5174ms)
(node:25024) [MODULE_TYPELESS_PACKAGE_JSON] Warning: Module type of file:///D:/Users/User/source/repos/SarvNewVer/src/frontend/lib/storefront-appearance/surface-role.test.ts is not specified and it doesn't parse as CommonJS.
Reparsing as ES module because module syntax was detected. This incurs a performance overhead.
To eliminate this warning, add "type": "module" to D:\Users\User\source\repos\SarvNewVer\src\frontend\package.json.
(Use `node --trace-warnings ...` to show where the warning was created)
✔ landing SectionTypes map to four global roles not page-local tokens (0.7805ms)
✔ PaletteTint four roles are distinct and not primary or status (0.1736ms)
✔ shared pages map to global surface roles without local appearance fetch (0.5028ms)
ℹ tests 20
ℹ suites 0
ℹ pass 20
ℹ fail 0
ℹ cancelled 0
ℹ skipped 0
ℹ todo 0
ℹ duration_ms 170.1911
