
> tooba-web@0.0.1 test:product-workspace
> node --experimental-strip-types --test app/admin/workspace-model.test.ts app/admin/host-client.test.ts app/admin/product-catalog-admin.test.ts app/admin/product-category-level.test.ts app/admin/product-attributes-panel.test.ts app/admin/product-variants-panel.test.ts app/admin/product-media-panel.test.ts app/admin/product-seo-panel.test.ts app/admin/product-publishing-panel.test.ts

(node:10660) [MODULE_TYPELESS_PACKAGE_JSON] Warning: Module type of file:///D:/Users/User/source/repos/SarvNewVer/src/frontend/app/admin/host-client.test.ts is not specified and it doesn't parse as CommonJS.
Reparsing as ES module because module syntax was detected. This incurs a performance overhead.
To eliminate this warning, add "type": "module" to D:\Users\User\source\repos\SarvNewVer\src\frontend\package.json.
(Use `node --trace-warnings ...` to show where the warning was created)
✔ list mapper keeps offer counts off the Product price field (0.8291ms)
✔ workspace mapper keeps prices on offers not product (0.8091ms)
(node:39580) [MODULE_TYPELESS_PACKAGE_JSON] Warning: Module type of file:///D:/Users/User/source/repos/SarvNewVer/src/frontend/app/admin/product-attributes-panel.test.ts is not specified and it doesn't parse as CommonJS.
Reparsing as ES module because module syntax was detected. This incurs a performance overhead.
To eliminate this warning, add "type": "module" to D:\Users\User\source\repos\SarvNewVer\src\frontend\package.json.
(Use `node --trace-warnings ...` to show where the warning was created)
✔ validateAttributeDrafts blocks missing required text/enum (1.0791ms)
✔ draftToValueInput builds enum and clear payloads without raw IDs in UI contract (0.3395ms)
✔ isAttributeDraftDirty detects enum and number changes (1.0203ms)
✔ panel source has VIEW/EDIT typed controls and no Product-local attribute creation (0.4854ms)
(node:26308) [MODULE_TYPELESS_PACKAGE_JSON] Warning: Module type of file:///D:/Users/User/source/repos/SarvNewVer/src/frontend/app/admin/product-catalog-admin.test.ts is not specified and it doesn't parse as CommonJS.
Reparsing as ES module because module syntax was detected. This incurs a performance overhead.
To eliminate this warning, add "type": "module" to D:\Users\User\source\repos\SarvNewVer\src\frontend\package.json.
(Use `node --trace-warnings ...` to show where the warning was created)
✔ product list keeps AppDataGrid and rejects raw AgGridReact (1.1397ms)
✔ create CTA is draft-only with category picker (0.413ms)
✔ row actions use view/edit scopes and safe archive label (0.2914ms)
✔ variant terminology uses تنوع not گونه in product list (0.2574ms)
✔ product category picker is hierarchical level-3-only with human paths (0.3039ms)
✔ create flow blocks invalid category via level error mapping (0.2155ms)
✔ workspace warns on non-L3 category and preserves VIEW/EDIT (0.2951ms)
✔ workspace tabs and form mode foundation (0.4263ms)
✔ attributes tab requires categoryId and wires schema-driven panel (0.376ms)
✔ workspace page passes view and edit scope (0.2655ms)
✔ host-client maps core/category helpers and new workspace fields (0.5853ms)
(node:30176) [MODULE_TYPELESS_PACKAGE_JSON] Warning: Module type of file:///D:/Users/User/source/repos/SarvNewVer/src/frontend/app/admin/product-category-level.test.ts is not specified and it doesn't parse as CommonJS.
Reparsing as ES module because module syntax was detected. This incurs a performance overhead.
To eliminate this warning, add "type": "module" to D:\Users\User\source\repos\SarvNewVer\src\frontend\package.json.
(Use `node --trace-warnings ...` to show where the warning was created)
✔ category level is one plus ancestor count (0.6998ms)
✔ only level 3 is assignable (0.1952ms)
✔ listCategoryChildren returns sorted siblings (0.5757ms)
(node:33948) [MODULE_TYPELESS_PACKAGE_JSON] Warning: Module type of file:///D:/Users/User/source/repos/SarvNewVer/src/frontend/app/admin/product-media-panel.test.ts is not specified and it doesn't parse as CommonJS.
Reparsing as ES module because module syntax was detected. This incurs a performance overhead.
To eliminate this warning, add "type": "module" to D:\Users\User\source\repos\SarvNewVer\src\frontend\package.json.
(Use `node --trace-warnings ...` to show where the warning was created)
✔ sortMediaItems puts primary first then displayOrder (1.2428ms)
✔ moveMediaAssetId and alt dirty helpers (0.2426ms)
✔ readiness and count labels are Persian (13.2319ms)
✔ panel source has VIEW/EDIT, تصویر اصلی, placeholder add, no AgGrid/Price/Stock (1.0073ms)
✔ workspace wires ProductMediaPanel into رسانه tab without Guid as primary UX (0.4095ms)
(node:4652) [MODULE_TYPELESS_PACKAGE_JSON] Warning: Module type of file:///D:/Users/User/source/repos/SarvNewVer/src/frontend/app/admin/product-publishing-panel.test.ts is not specified and it doesn't parse as CommonJS.
Reparsing as ES module because module syntax was detected. This incurs a performance overhead.
To eliminate this warning, add "type": "module" to D:\Users\User\source\repos\SarvNewVer\src\frontend\package.json.
(Use `node --trace-warnings ...` to show where the warning was created)
✔ lifecycle labels are Persian (0.695ms)
✔ checklist maps readiness and missing navigation tabs (0.2418ms)
✔ mapPublishReadiness accepts PascalCase Host payload (0.2433ms)
✔ publishing panel and host-client wiring contracts (1.5968ms)
(node:21716) [MODULE_TYPELESS_PACKAGE_JSON] Warning: Module type of file:///D:/Users/User/source/repos/SarvNewVer/src/frontend/app/admin/product-seo-panel.test.ts is not specified and it doesn't parse as CommonJS.
Reparsing as ES module because module syntax was detected. This incurs a performance overhead.
To eliminate this warning, add "type": "module" to D:\Users\User\source\repos\SarvNewVer\src\frontend\package.json.
(Use `node --trace-warnings ...` to show where the warning was created)
✔ mapSeoDetail and dirty/preview helpers (0.8229ms)
✔ readiness labels are Persian (0.1236ms)
✔ panel source has VIEW/EDIT labels Save/Cancel SERP and no AgGrid/Price/Stock (1.2408ms)
✔ workspace wires ProductSeoPanel into SEO tab (0.4615ms)
✔ host-client exposes SEO GET/PUT/readiness without Pricing joins (0.4682ms)
(node:39120) [MODULE_TYPELESS_PACKAGE_JSON] Warning: Module type of file:///D:/Users/User/source/repos/SarvNewVer/src/frontend/app/admin/product-variants-panel.test.ts is not specified and it doesn't parse as CommonJS.
Reparsing as ES module because module syntax was detected. This incurs a performance overhead.
To eliminate this warning, add "type": "module" to D:\Users\User\source\repos\SarvNewVer\src\frontend\package.json.
(Use `node --trace-warnings ...` to show where the warning was created)
✔ axis draft dirty detection and selectedAxes payload (1.3253ms)
✔ combination estimate and readable labels (0.1922ms)
✔ panel source has VIEW/EDIT, preview, impact, no price/stock/AgGrid/raw IDs in labels (0.5684ms)
✔ workspace wires ProductVariantsPanel into تنوع‌ها tab (0.8994ms)
(node:23944) [MODULE_TYPELESS_PACKAGE_JSON] Warning: Module type of file:///D:/Users/User/source/repos/SarvNewVer/src/frontend/app/admin/workspace-model.test.ts is not specified and it doesn't parse as CommonJS.
Reparsing as ES module because module syntax was detected. This incurs a performance overhead.
To eliminate this warning, add "type": "module" to D:\Users\User\source\repos\SarvNewVer\src\frontend\package.json.
(Use `node --trace-warnings ...` to show where the warning was created)
✔ commercial grouping keeps multiple sellers (0.813ms)
✔ inventory stays offer-scoped (0.1335ms)
✔ publication checks are UI readiness (0.5487ms)
ℹ tests 41
ℹ suites 0
ℹ pass 41
ℹ fail 0
ℹ cancelled 0
ℹ skipped 0
ℹ todo 0
ℹ duration_ms 160.2939
