context {
  adminActorUserId: '01a036c2-970e-7000-8eb7-94bf5cc2d8db',
  sellerPartyId: '01a030d1-40cb-7000-8abe-6d31739956c5',
  sellerActorUserId: '01a03628-3f68-7000-844d-99f1cadb54b0',
  adminStorage: { 'tooba.adminActorUserId': '01a036c2-970e-7000-8eb7-94bf5cc2d8db' },
  sellerStorage: {
    'tooba.sellerActorUserId': '01a03628-3f68-7000-844d-99f1cadb54b0',
    'tooba.sellerPartyId': '01a030d1-40cb-7000-8abe-6d31739956c5'
  }
}
wrote screenshots\admin\01-admin-dashboard.png 18860
wrote screenshots\admin\02-products.png 18860
wrote screenshots\admin\03-catalog-attributes.png 18860
wrote screenshots\admin\04-category-schema.png 18860
wrote screenshots\admin\05-orders.png 18860
wrote screenshots\admin\06-fulfillments.png 18860
wrote screenshots\admin\07-returns.png 18860
wrote screenshots\admin\08-settlement.png 18860
wrote screenshots\admin\09-payouts.png 18860
wrote screenshots\admin\10-content.png 18860
wrote screenshots\admin\11-stories.png 18860
wrote screenshots\admin\12-page-composition.png 18860
wrote screenshots\admin\13-sellers.png 18860
wrote screenshots\admin\14-customers.png 18860
wrote screenshots\admin\15-reviews.png 18860
wrote screenshots\admin\16-tickets.png 18860
wrote screenshots\admin\17-gift-cards.png 18860
wrote screenshots\admin\18-wallets.png 18860
wrote screenshots\admin\19-promotions.png 18860
wrote screenshots\admin\20-settings.png 18860
wrote screenshots\admin\21-access-control.png 18860
wrote screenshots\admin\22-products-filters-open.png 18860
wrote screenshots\admin\23-product-workspace-media.png 18860
wrote screenshots\seller\01-dashboard.png 18860
wrote screenshots\seller\02-products.png 18860
wrote screenshots\seller\03-orders.png 18860
wrote screenshots\seller\04-analytics.png 18860
wrote screenshots\seller\05-coupons.png 18860
wrote screenshots\seller\06-reviews.png 18860
wrote screenshots\seller\07-wallet.png 18860
wrote screenshots\seller\08-tickets.png 18860
wrote screenshots\seller\09-notifications.png 18860
wrote screenshots\seller\10-stories.png 18860
wrote screenshots\seller\11-fulfillments.png 18860
wrote screenshots\seller\12-returns.png 18860
wrote screenshots\seller\13-access-control.png 18860
wrote screenshots\seller\14-settings.png 18860
wrote screenshots\shopeiva\01-dashboard.png 509546
wrote screenshots\shopeiva\02-products.png 465069
wrote screenshots\shopeiva\03-orders.png 386320
wrote screenshots\shopeiva\04-analytics.png 354468
wrote screenshots\shopeiva\05-coupons.png 342477
wrote screenshots\shopeiva\06-reviews.png 396438
wrote screenshots\shopeiva\07-wallet.png 464815
wrote screenshots\shopeiva\08-tickets.png 342783
wrote screenshots\shopeiva\09-settings.png 342791
wrote screenshots\mobile\admin-products.png 14477
wrote screenshots\mobile\admin-access-control.png 14477
wrote screenshots\mobile\vendor-dashboard.png 14477
wrote screenshots\mobile\vendor-products.png 14477
total captures 50
