context {
  adminActorUserId: '01a036c2-970e-7000-8eb7-94bf5cc2d8db',
  sellerPartyId: '01a030d1-40cb-7000-8abe-6d31739956c5',
  sellerActorUserId: '01a03628-3f68-7000-844d-99f1cadb54b0',
  adminStorage: { 'tooba.adminActorUserId': '01a036c2-970e-7000-8eb7-94bf5cc2d8db' },
  sellerStorage: {
    'tooba.sellerActorUserId': '01a03628-3f68-7000-844d-99f1cadb54b0',
    'tooba.sellerPartyId': '01a030d1-40cb-7000-8abe-6d31739956c5'
  }
}
wrote screenshots\admin\01-admin-dashboard.png 140559
wrote screenshots\admin\02-products.png 156613
wrote screenshots\admin\03-catalog-attributes.png 80762
wrote screenshots\admin\04-category-schema.png 60824
wrote screenshots\admin\05-orders.png 159475
wrote screenshots\admin\06-fulfillments.png 119907
wrote screenshots\admin\07-returns.png 100677
wrote screenshots\admin\08-settlement.png 65454
wrote screenshots\admin\09-payouts.png 65208
wrote screenshots\admin\10-content.png 88166
wrote screenshots\admin\11-stories.png 92294
wrote screenshots\admin\12-page-composition.png 119968
wrote screenshots\admin\13-sellers.png 79930
wrote screenshots\admin\14-customers.png 68068
wrote screenshots\admin\15-reviews.png 70205
wrote screenshots\admin\16-tickets.png 78376
wrote screenshots\admin\17-gift-cards.png 73581
wrote screenshots\admin\18-wallets.png 46199
wrote screenshots\admin\19-promotions.png 63320
wrote screenshots\admin\20-settings.png 85532
wrote screenshots\admin\21-access-control.png 307257
wrote screenshots\admin\22-products-filters-open.png 139420
wrote screenshots\admin\23-product-workspace-media.png 220904
wrote screenshots\seller\01-dashboard.png 217607
wrote screenshots\seller\02-products.png 126474
wrote screenshots\seller\03-orders.png 141672
wrote screenshots\seller\04-analytics.png 66860
wrote screenshots\seller\05-coupons.png 50072
wrote screenshots\seller\06-reviews.png 85790
wrote screenshots\seller\07-wallet.png 45389
wrote screenshots\seller\08-tickets.png 57398
wrote screenshots\seller\09-notifications.png 411853
wrote screenshots\seller\10-stories.png 71609
wrote screenshots\seller\11-fulfillments.png 110466
wrote screenshots\seller\12-returns.png 97309
wrote screenshots\seller\13-access-control.png 366374
wrote screenshots\seller\14-settings.png 80723
wrote screenshots\shopeiva\01-dashboard.png 509543
wrote screenshots\shopeiva\02-products.png 465057
wrote screenshots\shopeiva\03-orders.png 386320
wrote screenshots\shopeiva\04-analytics.png 351098
wrote screenshots\shopeiva\05-coupons.png 342465
wrote screenshots\shopeiva\06-reviews.png 396426
wrote screenshots\shopeiva\07-wallet.png 464815
wrote screenshots\shopeiva\08-tickets.png 342783
wrote screenshots\shopeiva\09-settings.png 342778
wrote screenshots\mobile\admin-products.png 154954
wrote screenshots\mobile\admin-access-control.png 238157
wrote screenshots\mobile\vendor-dashboard.png 161457
wrote screenshots\mobile\vendor-products.png 131974
total captures 50
